2025-11-05 21:06:04 - INFO - Started Pre-Processing raw data
2025-11-05 21:06:04 - ERROR - Trajectories:   0%|          | 0/18 [00:00<?, ?it/s]
2025-11-05 21:06:57 - ERROR - Trajectories:   0%|          | 0/18 [00:53<?, ?it/s]
2025-11-05 21:06:57 - ERROR - Traceback (most recent call last):
2025-11-05 21:06:57 - ERROR - File "/home/samro/Thesis-molecular_dynamics_trajectory_embeddings/src/data_preprocessing/data_preprocessing.py", line 85, in <module>
2025-11-05 21:06:57 - ERROR - full_tensor = process_parallel(raw_data_path, max_workers=8)
2025-11-05 21:06:57 - ERROR - ^
2025-11-05 21:06:57 - ERROR - ^
2025-11-05 21:06:57 - ERROR - ^
2025-11-05 21:06:57 - ERROR - ^
2025-11-05 21:06:57 - ERROR - ^
2025-11-05 21:06:57 - ERROR - ^
2025-11-05 21:06:57 - ERROR - ^
2025-11-05 21:06:57 - ERROR - ^
2025-11-05 21:06:57 - ERROR - ^
2025-11-05 21:06:57 - ERROR - ^
2025-11-05 21:06:57 - ERROR - ^
2025-11-05 21:06:57 - ERROR - ^
2025-11-05 21:06:57 - ERROR - ^
2025-11-05 21:06:57 - ERROR - ^
2025-11-05 21:06:57 - ERROR - ^
2025-11-05 21:06:57 - ERROR - ^
2025-11-05 21:06:57 - ERROR - ^
2025-11-05 21:06:57 - ERROR - ^
2025-11-05 21:06:57 - ERROR - ^
2025-11-05 21:06:57 - ERROR - ^
2025-11-05 21:06:57 - ERROR - ^
2025-11-05 21:06:57 - ERROR - ^
2025-11-05 21:06:57 - ERROR - ^
2025-11-05 21:06:57 - ERROR - ^
2025-11-05 21:06:57 - ERROR - ^
2025-11-05 21:06:57 - ERROR - ^
2025-11-05 21:06:57 - ERROR - ^
2025-11-05 21:06:57 - ERROR - ^
2025-11-05 21:06:57 - ERROR - ^
2025-11-05 21:06:57 - ERROR - ^
2025-11-05 21:06:57 - ERROR - ^
2025-11-05 21:06:57 - ERROR - ^
2025-11-05 21:06:57 - ERROR - ^
2025-11-05 21:06:57 - ERROR - ^
2025-11-05 21:06:57 - ERROR - ^
2025-11-05 21:06:57 - ERROR - ^
2025-11-05 21:06:57 - ERROR - ^
2025-11-05 21:06:57 - ERROR - ^
2025-11-05 21:06:57 - ERROR - ^
2025-11-05 21:06:57 - ERROR - ^
2025-11-05 21:06:57 - ERROR - ^
2025-11-05 21:06:57 - ERROR - ^
2025-11-05 21:06:57 - ERROR - ^
2025-11-05 21:06:57 - ERROR - ^
2025-11-05 21:06:57 - ERROR - ^
2025-11-05 21:06:57 - ERROR - ^
2025-11-05 21:06:57 - ERROR - File "/home/samro/Thesis-molecular_dynamics_trajectory_embeddings/src/data_preprocessing/data_preprocessing.py", line 66, in process_parallel
2025-11-05 21:06:57 - ERROR - process_single_trajectory(tf, i)
2025-11-05 21:06:57 - ERROR - File "/home/samro/Thesis-molecular_dynamics_trajectory_embeddings/src/data_preprocessing/data_preprocessing.py", line 56, in process_single_trajectory
2025-11-05 21:06:57 - ERROR - return load_trajectory_fast(tar_path, progress_id)
2025-11-05 21:06:57 - ERROR - ^
2025-11-05 21:06:57 - ERROR - ^
2025-11-05 21:06:57 - ERROR - ^
2025-11-05 21:06:57 - ERROR - ^
2025-11-05 21:06:57 - ERROR - ^
2025-11-05 21:06:57 - ERROR - ^
2025-11-05 21:06:57 - ERROR - ^
2025-11-05 21:06:57 - ERROR - ^
2025-11-05 21:06:57 - ERROR - ^
2025-11-05 21:06:57 - ERROR - ^
2025-11-05 21:06:57 - ERROR - ^
2025-11-05 21:06:57 - ERROR - ^
2025-11-05 21:06:57 - ERROR - ^
2025-11-05 21:06:57 - ERROR - ^
2025-11-05 21:06:57 - ERROR - ^
2025-11-05 21:06:57 - ERROR - ^
2025-11-05 21:06:57 - ERROR - ^
2025-11-05 21:06:57 - ERROR - ^
2025-11-05 21:06:57 - ERROR - ^
2025-11-05 21:06:57 - ERROR - ^
2025-11-05 21:06:57 - ERROR - ^
2025-11-05 21:06:57 - ERROR - ^
2025-11-05 21:06:57 - ERROR - ^
2025-11-05 21:06:57 - ERROR - ^
2025-11-05 21:06:57 - ERROR - ^
2025-11-05 21:06:57 - ERROR - ^
2025-11-05 21:06:57 - ERROR - ^
2025-11-05 21:06:57 - ERROR - ^
2025-11-05 21:06:57 - ERROR - ^
2025-11-05 21:06:57 - ERROR - ^
2025-11-05 21:06:57 - ERROR - ^
2025-11-05 21:06:57 - ERROR - ^
2025-11-05 21:06:57 - ERROR - ^
2025-11-05 21:06:57 - ERROR - ^
2025-11-05 21:06:57 - ERROR - ^
2025-11-05 21:06:57 - ERROR - ^
2025-11-05 21:06:57 - ERROR - ^
2025-11-05 21:06:57 - ERROR - ^
2025-11-05 21:06:57 - ERROR - ^
2025-11-05 21:06:57 - ERROR - ^
2025-11-05 21:06:57 - ERROR - ^
2025-11-05 21:06:57 - ERROR - ^
2025-11-05 21:06:57 - ERROR - ^
2025-11-05 21:06:57 - ERROR - File "/home/samro/Thesis-molecular_dynamics_trajectory_embeddings/src/data_preprocessing/data_preprocessing.py", line 34, in load_trajectory_fast
2025-11-05 21:06:57 - ERROR - members = sorted([m for m in tar.getmembers() if m.name.startswith('frame_')],
2025-11-05 21:06:57 - ERROR - ^
2025-11-05 21:06:57 - ERROR - ^
2025-11-05 21:06:57 - ERROR - ^
2025-11-05 21:06:57 - ERROR - ^
2025-11-05 21:06:57 - ERROR - ^
2025-11-05 21:06:57 - ERROR - ^
2025-11-05 21:06:57 - ERROR - ^
2025-11-05 21:06:57 - ERROR - ^
2025-11-05 21:06:57 - ERROR - ^
2025-11-05 21:06:57 - ERROR - ^
2025-11-05 21:06:57 - ERROR - ^
2025-11-05 21:06:57 - ERROR - ^
2025-11-05 21:06:57 - ERROR - ^
2025-11-05 21:06:57 - ERROR - ^
2025-11-05 21:06:57 - ERROR - ^
2025-11-05 21:06:57 - ERROR - ^
2025-11-05 21:06:57 - ERROR - File "/usr/lib/python3.12/tarfile.py", line 2047, in getmembers
2025-11-05 21:06:57 - ERROR - self._load()        # all members, we first have to
2025-11-05 21:06:57 - ERROR - ^
2025-11-05 21:06:57 - ERROR - ^
2025-11-05 21:06:57 - ERROR - ^
2025-11-05 21:06:57 - ERROR - ^
2025-11-05 21:06:57 - ERROR - ^
2025-11-05 21:06:57 - ERROR - ^
2025-11-05 21:06:57 - ERROR - ^
2025-11-05 21:06:57 - ERROR - ^
2025-11-05 21:06:57 - ERROR - ^
2025-11-05 21:06:57 - ERROR - ^
2025-11-05 21:06:57 - ERROR - ^
2025-11-05 21:06:57 - ERROR - ^
2025-11-05 21:06:57 - ERROR - File "/usr/lib/python3.12/tarfile.py", line 2827, in _load
2025-11-05 21:06:57 - ERROR - while self.next() is not None:
2025-11-05 21:06:57 - ERROR - ^
2025-11-05 21:06:57 - ERROR - ^
2025-11-05 21:06:57 - ERROR - ^
2025-11-05 21:06:57 - ERROR - ^
2025-11-05 21:06:57 - ERROR - ^
2025-11-05 21:06:57 - ERROR - ^
2025-11-05 21:06:57 - ERROR - ^
2025-11-05 21:06:57 - ERROR - ^
2025-11-05 21:06:57 - ERROR - ^
2025-11-05 21:06:57 - ERROR - ^
2025-11-05 21:06:57 - ERROR - ^
2025-11-05 21:06:57 - ERROR - File "/usr/lib/python3.12/tarfile.py", line 2733, in next
2025-11-05 21:06:57 - ERROR - self.fileobj.seek(self.offset - 1)
2025-11-05 21:06:57 - ERROR - File "/usr/lib/python3.12/gzip.py", line 421, in seek
2025-11-05 21:06:57 - ERROR - return self._buffer.seek(offset, whence)
2025-11-05 21:06:57 - ERROR - ^
2025-11-05 21:06:57 - ERROR - ^
2025-11-05 21:06:57 - ERROR - ^
2025-11-05 21:06:57 - ERROR - ^
2025-11-05 21:06:57 - ERROR - ^
2025-11-05 21:06:57 - ERROR - ^
2025-11-05 21:06:57 - ERROR - ^
2025-11-05 21:06:57 - ERROR - ^
2025-11-05 21:06:57 - ERROR - ^
2025-11-05 21:06:57 - ERROR - ^
2025-11-05 21:06:57 - ERROR - ^
2025-11-05 21:06:57 - ERROR - ^
2025-11-05 21:06:57 - ERROR - ^
2025-11-05 21:06:57 - ERROR - ^
2025-11-05 21:06:57 - ERROR - ^
2025-11-05 21:06:57 - ERROR - ^
2025-11-05 21:06:57 - ERROR - ^
2025-11-05 21:06:57 - ERROR - ^
2025-11-05 21:06:57 - ERROR - ^
2025-11-05 21:06:57 - ERROR - ^
2025-11-05 21:06:57 - ERROR - ^
2025-11-05 21:06:57 - ERROR - ^
2025-11-05 21:06:57 - ERROR - ^
2025-11-05 21:06:57 - ERROR - ^
2025-11-05 21:06:57 - ERROR - ^
2025-11-05 21:06:57 - ERROR - ^
2025-11-05 21:06:57 - ERROR - ^
2025-11-05 21:06:57 - ERROR - ^
2025-11-05 21:06:57 - ERROR - ^
2025-11-05 21:06:57 - ERROR - ^
2025-11-05 21:06:57 - ERROR - ^
2025-11-05 21:06:57 - ERROR - ^
2025-11-05 21:06:57 - ERROR - ^
2025-11-05 21:06:57 - ERROR - File "/usr/lib/python3.12/_compression.py", line 153, in seek
2025-11-05 21:06:57 - ERROR - data = self.read(min(io.DEFAULT_BUFFER_SIZE, offset))
2025-11-05 21:06:57 - ERROR - ^
2025-11-05 21:06:57 - ERROR - ^
2025-11-05 21:06:57 - ERROR - ^
2025-11-05 21:06:57 - ERROR - ^
2025-11-05 21:06:57 - ERROR - ^
2025-11-05 21:06:57 - ERROR - ^
2025-11-05 21:06:57 - ERROR - ^
2025-11-05 21:06:57 - ERROR - ^
2025-11-05 21:06:57 - ERROR - ^
2025-11-05 21:06:57 - ERROR - ^
2025-11-05 21:06:57 - ERROR - ^
2025-11-05 21:06:57 - ERROR - ^
2025-11-05 21:06:57 - ERROR - ^
2025-11-05 21:06:57 - ERROR - ^
2025-11-05 21:06:57 - ERROR - ^
2025-11-05 21:06:57 - ERROR - ^
2025-11-05 21:06:57 - ERROR - ^
2025-11-05 21:06:57 - ERROR - ^
2025-11-05 21:06:57 - ERROR - ^
2025-11-05 21:06:57 - ERROR - ^
2025-11-05 21:06:57 - ERROR - ^
2025-11-05 21:06:57 - ERROR - ^
2025-11-05 21:06:57 - ERROR - ^
2025-11-05 21:06:57 - ERROR - ^
2025-11-05 21:06:57 - ERROR - ^
2025-11-05 21:06:57 - ERROR - ^
2025-11-05 21:06:57 - ERROR - ^
2025-11-05 21:06:57 - ERROR - ^
2025-11-05 21:06:57 - ERROR - ^
2025-11-05 21:06:57 - ERROR - ^
2025-11-05 21:06:57 - ERROR - ^
2025-11-05 21:06:57 - ERROR - ^
2025-11-05 21:06:57 - ERROR - ^
2025-11-05 21:06:57 - ERROR - ^
2025-11-05 21:06:57 - ERROR - ^
2025-11-05 21:06:57 - ERROR - ^
2025-11-05 21:06:57 - ERROR - ^
2025-11-05 21:06:57 - ERROR - ^
2025-11-05 21:06:57 - ERROR - ^
2025-11-05 21:06:57 - ERROR - ^
2025-11-05 21:06:57 - ERROR - ^
2025-11-05 21:06:57 - ERROR - ^
2025-11-05 21:06:57 - ERROR - ^
2025-11-05 21:06:57 - ERROR - ^
2025-11-05 21:06:57 - ERROR - ^
2025-11-05 21:06:57 - ERROR - ^
2025-11-05 21:06:57 - ERROR - File "/usr/lib/python3.12/gzip.py", line 537, in read
2025-11-05 21:06:57 - ERROR - uncompress = self._decompressor.decompress(b"", size)
2025-11-05 21:06:57 - ERROR - ^
2025-11-05 21:06:57 - ERROR - ^
2025-11-05 21:06:57 - ERROR - ^
2025-11-05 21:06:57 - ERROR - ^
2025-11-05 21:06:57 - ERROR - ^
2025-11-05 21:06:57 - ERROR - ^
2025-11-05 21:06:57 - ERROR - ^
2025-11-05 21:06:57 - ERROR - ^
2025-11-05 21:06:57 - ERROR - ^
2025-11-05 21:06:57 - ERROR - ^
2025-11-05 21:06:57 - ERROR - ^
2025-11-05 21:06:57 - ERROR - ^
2025-11-05 21:06:57 - ERROR - ^
2025-11-05 21:06:57 - ERROR - ^
2025-11-05 21:06:57 - ERROR - ^
2025-11-05 21:06:57 - ERROR - ^
2025-11-05 21:06:57 - ERROR - ^
2025-11-05 21:06:57 - ERROR - ^
2025-11-05 21:06:57 - ERROR - ^
2025-11-05 21:06:57 - ERROR - ^
2025-11-05 21:06:57 - ERROR - ^
2025-11-05 21:06:57 - ERROR - ^
2025-11-05 21:06:57 - ERROR - ^
2025-11-05 21:06:57 - ERROR - ^
2025-11-05 21:06:57 - ERROR - ^
2025-11-05 21:06:57 - ERROR - ^
2025-11-05 21:06:57 - ERROR - ^
2025-11-05 21:06:57 - ERROR - ^
2025-11-05 21:06:57 - ERROR - ^
2025-11-05 21:06:57 - ERROR - ^
2025-11-05 21:06:57 - ERROR - ^
2025-11-05 21:06:57 - ERROR - ^
2025-11-05 21:06:57 - ERROR - ^
2025-11-05 21:06:57 - ERROR - ^
2025-11-05 21:06:57 - ERROR - ^
2025-11-05 21:06:57 - ERROR - ^
2025-11-05 21:06:57 - ERROR - ^
2025-11-05 21:06:57 - ERROR - ^
2025-11-05 21:06:57 - ERROR - ^
2025-11-05 21:06:57 - ERROR - ^
2025-11-05 21:06:57 - ERROR - KeyboardInterrupt
