2025-11-05 21:39:13 - INFO - Started Pre-Processing raw data
2025-11-05 21:39:13 - ERROR - Trajectories:   0%|          | 0/18 [00:00<?, ?it/s]
2025-11-05 21:39:13 - INFO - Trajectory 0: Processed 0 frames
2025-11-05 21:39:13 - INFO - Trajectory 3: Processed 0 frames
2025-11-05 21:39:13 - INFO - Trajectory 2: Processed 0 frames
2025-11-05 21:39:13 - INFO - Trajectory 4: Processed 0 frames
2025-11-05 21:39:13 - INFO - Trajectory 5: Processed 0 frames
2025-11-05 21:39:13 - INFO - Trajectory 1: Processed 0 frames
2025-11-05 21:39:13 - INFO - Trajectory 7: Processed 0 frames
2025-11-05 21:39:13 - INFO - Trajectory 6: Processed 0 frames
2025-11-05 21:39:14 - INFO - Trajectory 0: Processed 10 frames
2025-11-05 21:39:14 - INFO - Trajectory 2: Processed 10 frames
2025-11-05 21:39:14 - INFO - Trajectory 3: Processed 10 frames
2025-11-05 21:39:14 - INFO - Trajectory 4: Processed 10 frames
2025-11-05 21:39:14 - INFO - Trajectory 1: Processed 10 frames
2025-11-05 21:39:14 - INFO - Trajectory 5: Processed 10 frames
2025-11-05 21:39:14 - INFO - Trajectory 6: Processed 10 frames
2025-11-05 21:39:15 - INFO - Trajectory 7: Processed 10 frames
2025-11-05 21:39:15 - INFO - Trajectory 0: Processed 20 frames
2025-11-05 21:39:15 - INFO - Trajectory 2: Processed 20 frames
2025-11-05 21:39:15 - INFO - Trajectory 3: Processed 20 frames
2025-11-05 21:39:15 - INFO - Trajectory 1: Processed 20 frames
2025-11-05 21:39:15 - INFO - Trajectory 4: Processed 20 frames
2025-11-05 21:39:15 - INFO - Trajectory 5: Processed 20 frames
2025-11-05 21:39:15 - INFO - Trajectory 6: Processed 20 frames
2025-11-05 21:39:15 - INFO - Trajectory 7: Processed 20 frames
2025-11-05 21:39:16 - INFO - Trajectory 0: Processed 30 frames
2025-11-05 21:39:16 - INFO - Trajectory 2: Processed 30 frames
2025-11-05 21:39:16 - INFO - Trajectory 3: Processed 30 frames
2025-11-05 21:39:16 - INFO - Trajectory 1: Processed 30 frames
2025-11-05 21:39:16 - INFO - Trajectory 4: Processed 30 frames
2025-11-05 21:39:16 - INFO - Trajectory 5: Processed 30 frames
2025-11-05 21:39:16 - INFO - Trajectory 6: Processed 30 frames
2025-11-05 21:39:16 - INFO - Trajectory 7: Processed 30 frames
2025-11-05 21:39:16 - INFO - Trajectory 0: Processed 40 frames
2025-11-05 21:39:17 - INFO - Trajectory 2: Processed 40 frames
2025-11-05 21:39:17 - INFO - Trajectory 3: Processed 40 frames
2025-11-05 21:39:17 - INFO - Trajectory 4: Processed 40 frames
2025-11-05 21:39:17 - INFO - Trajectory 1: Processed 40 frames
2025-11-05 21:39:17 - INFO - Trajectory 0: Processed 50 frames
2025-11-05 21:39:17 - INFO - Trajectory 5: Processed 40 frames
2025-11-05 21:39:17 - INFO - Trajectory 6: Processed 40 frames
2025-11-05 21:39:17 - INFO - Trajectory 7: Processed 40 frames
2025-11-05 21:39:17 - INFO - Trajectory 2: Processed 50 frames
2025-11-05 21:39:18 - INFO - Trajectory 3: Processed 50 frames
2025-11-05 21:39:18 - INFO - Trajectory 1: Processed 50 frames
2025-11-05 21:39:18 - INFO - Trajectory 4: Processed 50 frames
2025-11-05 21:39:18 - INFO - Trajectory 5: Processed 50 frames
2025-11-05 21:39:18 - INFO - Trajectory 6: Processed 50 frames
2025-11-05 21:39:18 - INFO - Trajectory 0: Processed 60 frames
2025-11-05 21:39:18 - INFO - Trajectory 7: Processed 50 frames
2025-11-05 21:39:18 - INFO - Trajectory 2: Processed 60 frames
2025-11-05 21:39:18 - INFO - Trajectory 3: Processed 60 frames
2025-11-05 21:39:19 - INFO - Trajectory 1: Processed 60 frames
2025-11-05 21:39:19 - INFO - Trajectory 4: Processed 60 frames
2025-11-05 21:39:19 - INFO - Trajectory 5: Processed 60 frames
2025-11-05 21:39:19 - INFO - Trajectory 0: Processed 70 frames
2025-11-05 21:39:19 - INFO - Trajectory 6: Processed 60 frames
2025-11-05 21:39:19 - INFO - Trajectory 7: Processed 60 frames
2025-11-05 21:39:19 - INFO - Trajectory 2: Processed 70 frames
2025-11-05 21:39:19 - INFO - Trajectory 3: Processed 70 frames
2025-11-05 21:39:19 - INFO - Trajectory 4: Processed 70 frames
2025-11-05 21:39:19 - INFO - Trajectory 1: Processed 70 frames
2025-11-05 21:39:20 - INFO - Trajectory 5: Processed 70 frames
2025-11-05 21:39:20 - INFO - Trajectory 0: Processed 80 frames
2025-11-05 21:39:20 - INFO - Trajectory 6: Processed 70 frames
2025-11-05 21:39:20 - INFO - Trajectory 7: Processed 70 frames
2025-11-05 21:39:20 - INFO - Trajectory 2: Processed 80 frames
2025-11-05 21:39:20 - INFO - Trajectory 3: Processed 80 frames
2025-11-05 21:39:20 - INFO - Trajectory 1: Processed 80 frames
2025-11-05 21:39:20 - INFO - Trajectory 4: Processed 80 frames
2025-11-05 21:39:20 - INFO - Trajectory 5: Processed 80 frames
2025-11-05 21:39:21 - INFO - Trajectory 0: Processed 90 frames
2025-11-05 21:39:21 - INFO - Trajectory 6: Processed 80 frames
2025-11-05 21:39:21 - INFO - Trajectory 7: Processed 80 frames
2025-11-05 21:39:21 - INFO - Trajectory 2: Processed 90 frames
2025-11-05 21:39:21 - INFO - Trajectory 3: Processed 90 frames
2025-11-05 21:39:21 - INFO - Trajectory 4: Processed 90 frames
2025-11-05 21:39:21 - INFO - Trajectory 1: Processed 90 frames
2025-11-05 21:39:21 - INFO - Trajectory 0: Processed 100 frames
2025-11-05 21:39:21 - INFO - Trajectory 5: Processed 90 frames
2025-11-05 21:39:21 - INFO - Trajectory 6: Processed 90 frames
2025-11-05 21:39:22 - INFO - Trajectory 7: Processed 90 frames
2025-11-05 21:39:22 - ERROR - Trajectories:   6%|5         | 1/18 [00:08<02:27,  8.69s/it]
2025-11-05 21:39:22 - ERROR - Trajectories:   6%|5         | 1/18 [00:08<02:27,  8.69s/it, Latest: sep_prot_frames_DPP8_0000157_Nonbinder.tar.gz]
2025-11-05 21:39:22 - INFO - Trajectory 8: Processed 0 frames
2025-11-05 21:39:22 - INFO - Trajectory 2: Processed 100 frames
2025-11-05 21:39:22 - INFO - Trajectory 3: Processed 100 frames
2025-11-05 21:39:22 - ERROR - Trajectories:  11%|#1        | 2/18 [00:09<01:01,  3.84s/it, Latest: sep_prot_frames_DPP8_0000157_Nonbinder.tar.gz]
2025-11-05 21:39:22 - ERROR - Trajectories:  11%|#1        | 2/18 [00:09<01:01,  3.84s/it, Latest: sep_prot_frames_DPP8_0005356_DPP9selective.tar.gz]
2025-11-05 21:39:22 - INFO - Trajectory 9: Processed 0 frames
2025-11-05 21:39:22 - ERROR - Trajectories:  17%|#6        | 3/18 [00:09<00:57,  3.84s/it, Latest: sep_prot_frames_DPP8_0005362_Aselective.tar.gz]
2025-11-05 21:39:22 - INFO - Trajectory 4: Processed 100 frames
2025-11-05 21:39:22 - INFO - Trajectory 10: Processed 0 frames
2025-11-05 21:39:22 - INFO - Trajectory 1: Processed 100 frames
2025-11-05 21:39:22 - ERROR - Trajectories:  22%|##2       | 4/18 [00:09<00:20,  1.49s/it, Latest: sep_prot_frames_DPP8_0005362_Aselective.tar.gz]
2025-11-05 21:39:22 - ERROR - Trajectories:  22%|##2       | 4/18 [00:09<00:20,  1.49s/it, Latest: sep_prot_frames_DPP8_0005862_DPP8selective.tar.gz]
2025-11-05 21:39:22 - INFO - Trajectory 5: Processed 100 frames
2025-11-05 21:39:22 - INFO - Trajectory 6: Processed 100 frames
2025-11-05 21:39:22 - INFO - Trajectory 11: Processed 0 frames
2025-11-05 21:39:22 - ERROR - Trajectories:  28%|##7       | 5/18 [00:09<00:19,  1.49s/it, Latest: sep_prot_frames_DPP8_0003822_Aselective.tar.gz]
2025-11-05 21:39:22 - INFO - Trajectory 12: Processed 0 frames
2025-11-05 21:39:22 - ERROR - Trajectories:  33%|###3      | 6/18 [00:09<00:09,  1.22it/s, Latest: sep_prot_frames_DPP8_0003822_Aselective.tar.gz]
2025-11-05 21:39:22 - ERROR - Trajectories:  33%|###3      | 6/18 [00:09<00:09,  1.22it/s, Latest: sep_prot_frames_DPP8_12i_Nonbinder.tar.gz]
2025-11-05 21:39:22 - ERROR - Trajectories:  39%|###8      | 7/18 [00:09<00:09,  1.22it/s, Latest: sep_prot_frames_DPP8_000808_DPP8selective.tar.gz]
2025-11-05 21:39:22 - INFO - Trajectory 14: Processed 0 frames
2025-11-05 21:39:22 - INFO - Trajectory 13: Processed 0 frames
2025-11-05 21:39:23 - INFO - Trajectory 8: Processed 10 frames
2025-11-05 21:39:23 - INFO - Trajectory 7: Processed 100 frames
2025-11-05 21:39:23 - ERROR - Trajectories:  44%|####4     | 8/18 [00:09<00:05,  1.74it/s, Latest: sep_prot_frames_DPP8_000808_DPP8selective.tar.gz]
2025-11-05 21:39:23 - ERROR - Trajectories:  44%|####4     | 8/18 [00:09<00:05,  1.74it/s, Latest: sep_prot_frames_DPP8_42_DPP9selective.tar.gz]
2025-11-05 21:39:23 - INFO - Trajectory 15: Processed 0 frames
2025-11-05 21:39:23 - INFO - Trajectory 9: Processed 10 frames
2025-11-05 21:39:23 - INFO - Trajectory 10: Processed 10 frames
2025-11-05 21:39:23 - INFO - Trajectory 11: Processed 10 frames
2025-11-05 21:39:23 - INFO - Trajectory 12: Processed 10 frames
2025-11-05 21:39:23 - INFO - Trajectory 13: Processed 10 frames
2025-11-05 21:39:23 - INFO - Trajectory 14: Processed 10 frames
2025-11-05 21:39:24 - INFO - Trajectory 8: Processed 20 frames
2025-11-05 21:39:24 - INFO - Trajectory 15: Processed 10 frames
2025-11-05 21:39:24 - INFO - Trajectory 9: Processed 20 frames
2025-11-05 21:39:24 - INFO - Trajectory 10: Processed 20 frames
2025-11-05 21:39:24 - INFO - Trajectory 11: Processed 20 frames
2025-11-05 21:39:24 - INFO - Trajectory 12: Processed 20 frames
2025-11-05 21:39:24 - INFO - Trajectory 13: Processed 20 frames
2025-11-05 21:39:24 - INFO - Trajectory 14: Processed 20 frames
2025-11-05 21:39:24 - INFO - Trajectory 8: Processed 30 frames
2025-11-05 21:39:25 - INFO - Trajectory 15: Processed 20 frames
2025-11-05 21:39:25 - INFO - Trajectory 10: Processed 30 frames
2025-11-05 21:39:25 - INFO - Trajectory 9: Processed 30 frames
2025-11-05 21:39:25 - INFO - Trajectory 11: Processed 30 frames
2025-11-05 21:39:25 - INFO - Trajectory 12: Processed 30 frames
2025-11-05 21:39:25 - INFO - Trajectory 8: Processed 40 frames
2025-11-05 21:39:25 - INFO - Trajectory 13: Processed 30 frames
2025-11-05 21:39:26 - INFO - Trajectory 14: Processed 30 frames
2025-11-05 21:39:26 - INFO - Trajectory 15: Processed 30 frames
2025-11-05 21:39:26 - INFO - Trajectory 10: Processed 40 frames
2025-11-05 21:39:26 - INFO - Trajectory 9: Processed 40 frames
2025-11-05 21:39:26 - INFO - Trajectory 11: Processed 40 frames
2025-11-05 21:39:26 - INFO - Trajectory 12: Processed 40 frames
2025-11-05 21:39:26 - INFO - Trajectory 13: Processed 40 frames
2025-11-05 21:39:26 - INFO - Trajectory 14: Processed 40 frames
2025-11-05 21:39:26 - INFO - Trajectory 8: Processed 50 frames
2025-11-05 21:39:27 - INFO - Trajectory 15: Processed 40 frames
2025-11-05 21:39:27 - INFO - Trajectory 9: Processed 50 frames
2025-11-05 21:39:27 - INFO - Trajectory 10: Processed 50 frames
2025-11-05 21:39:27 - INFO - Trajectory 11: Processed 50 frames
2025-11-05 21:39:27 - INFO - Trajectory 12: Processed 50 frames
2025-11-05 21:39:27 - INFO - Trajectory 13: Processed 50 frames
2025-11-05 21:39:27 - INFO - Trajectory 14: Processed 50 frames
2025-11-05 21:39:27 - INFO - Trajectory 8: Processed 60 frames
2025-11-05 21:39:27 - INFO - Trajectory 15: Processed 50 frames
2025-11-05 21:39:28 - INFO - Trajectory 9: Processed 60 frames
2025-11-05 21:39:28 - INFO - Trajectory 10: Processed 60 frames
2025-11-05 21:39:28 - INFO - Trajectory 11: Processed 60 frames
2025-11-05 21:39:28 - INFO - Trajectory 12: Processed 60 frames
2025-11-05 21:39:28 - INFO - Trajectory 13: Processed 60 frames
2025-11-05 21:39:28 - INFO - Trajectory 14: Processed 60 frames
2025-11-05 21:39:28 - INFO - Trajectory 8: Processed 70 frames
2025-11-05 21:39:28 - INFO - Trajectory 15: Processed 60 frames
2025-11-05 21:39:29 - INFO - Trajectory 9: Processed 70 frames
2025-11-05 21:39:29 - INFO - Trajectory 10: Processed 70 frames
2025-11-05 21:39:29 - INFO - Trajectory 11: Processed 70 frames
2025-11-05 21:39:29 - INFO - Trajectory 12: Processed 70 frames
2025-11-05 21:39:29 - INFO - Trajectory 13: Processed 70 frames
2025-11-05 21:39:29 - INFO - Trajectory 14: Processed 70 frames
2025-11-05 21:39:29 - INFO - Trajectory 8: Processed 80 frames
2025-11-05 21:39:29 - INFO - Trajectory 15: Processed 70 frames
2025-11-05 21:39:29 - INFO - Trajectory 9: Processed 80 frames
2025-11-05 21:39:29 - INFO - Trajectory 11: Processed 80 frames
2025-11-05 21:39:30 - INFO - Trajectory 10: Processed 80 frames
2025-11-05 21:39:30 - INFO - Trajectory 12: Processed 80 frames
2025-11-05 21:39:30 - INFO - Trajectory 13: Processed 80 frames
2025-11-05 21:39:30 - INFO - Trajectory 14: Processed 80 frames
2025-11-05 21:39:30 - INFO - Trajectory 8: Processed 90 frames
2025-11-05 21:39:30 - INFO - Trajectory 15: Processed 80 frames
2025-11-05 21:39:30 - INFO - Trajectory 9: Processed 90 frames
2025-11-05 21:39:30 - INFO - Trajectory 11: Processed 90 frames
2025-11-05 21:39:30 - INFO - Trajectory 10: Processed 90 frames
2025-11-05 21:39:30 - INFO - Trajectory 12: Processed 90 frames
2025-11-05 21:39:30 - INFO - Trajectory 13: Processed 90 frames
2025-11-05 21:39:31 - INFO - Trajectory 14: Processed 90 frames
2025-11-05 21:39:31 - INFO - Trajectory 8: Processed 100 frames
2025-11-05 21:39:31 - ERROR - Trajectories:  50%|#####     | 9/18 [00:18<00:20,  2.26s/it, Latest: sep_prot_frames_DPP8_42_DPP9selective.tar.gz]
2025-11-05 21:39:31 - ERROR - Trajectories:  50%|#####     | 9/18 [00:18<00:20,  2.26s/it, Latest: sep_prot_frames_DPP8_apo.tar.gz]
2025-11-05 21:39:31 - INFO - Trajectory 15: Processed 90 frames
2025-11-05 21:39:31 - INFO - Trajectory 16: Processed 0 frames
2025-11-05 21:39:31 - INFO - Trajectory 9: Processed 100 frames
2025-11-05 21:39:31 - INFO - Trajectory 10: Processed 100 frames
2025-11-05 21:39:31 - INFO - Trajectory 11: Processed 100 frames
2025-11-05 21:39:31 - INFO - Trajectory 12: Processed 100 frames
2025-11-05 21:39:31 - INFO - Trajectory 13: Processed 100 frames
2025-11-05 21:39:32 - ERROR - Trajectories:  56%|#####5    | 10/18 [00:18<00:15,  1.90s/it, Latest: sep_prot_frames_DPP8_apo.tar.gz]
2025-11-05 21:39:32 - ERROR - Trajectories:  56%|#####5    | 10/18 [00:18<00:15,  1.90s/it, Latest: sep_prot_frames_DPP9_0000157_Nonbinder.tar.gz]
2025-11-05 21:39:32 - INFO - Trajectory 17: Processed 0 frames
2025-11-05 21:39:32 - INFO - Trajectory 14: Processed 100 frames
2025-11-05 21:39:32 - ERROR - Trajectories:  61%|######1   | 11/18 [00:19<00:10,  1.52s/it, Latest: sep_prot_frames_DPP9_0000157_Nonbinder.tar.gz]
2025-11-05 21:39:32 - ERROR - Trajectories:  61%|######1   | 11/18 [00:19<00:10,  1.52s/it, Latest: sep_prot_frames_DPP9_0003822_Aselective.tar.gz]
2025-11-05 21:39:32 - ERROR - Trajectories:  67%|######6   | 12/18 [00:19<00:09,  1.52s/it, Latest: sep_prot_frames_DPP9_0005362_Aselective.tar.gz]
2025-11-05 21:39:32 - INFO - Trajectory 15: Processed 100 frames
2025-11-05 21:39:32 - ERROR - Trajectories:  72%|#######2  | 13/18 [00:19<00:04,  1.09it/s, Latest: sep_prot_frames_DPP9_0005362_Aselective.tar.gz]
2025-11-05 21:39:32 - ERROR - Trajectories:  72%|#######2  | 13/18 [00:19<00:04,  1.09it/s, Latest: sep_prot_frames_DPP9_0005356_DPP9selective.tar.gz]
2025-11-05 21:39:32 - INFO - Trajectory 16: Processed 10 frames
2025-11-05 21:39:32 - ERROR - Trajectories:  78%|#######7  | 14/18 [00:19<00:03,  1.09it/s, Latest: sep_prot_frames_DPP9_0005862_DPP8selective.tar.gz]
2025-11-05 21:39:32 - ERROR - Trajectories:  83%|########3 | 15/18 [00:19<00:02,  1.09it/s, Latest: sep_prot_frames_DPP9_000808_DPP8selective.tar.gz]
2025-11-05 21:39:32 - ERROR - Trajectories:  89%|########8 | 16/18 [00:19<00:01,  1.09it/s, Latest: sep_prot_frames_DPP9_12i_Nonbinder.tar.gz]
2025-11-05 21:39:33 - INFO - Trajectory 17: Processed 10 frames
2025-11-05 21:39:33 - INFO - Trajectory 16: Processed 20 frames
2025-11-05 21:39:33 - INFO - Trajectory 17: Processed 20 frames
2025-11-05 21:39:34 - INFO - Trajectory 16: Processed 30 frames
2025-11-05 21:39:34 - INFO - Trajectory 17: Processed 30 frames
2025-11-05 21:39:34 - INFO - Trajectory 16: Processed 40 frames
2025-11-05 21:39:35 - INFO - Trajectory 17: Processed 40 frames
2025-11-05 21:39:35 - INFO - Trajectory 16: Processed 50 frames
2025-11-05 21:39:35 - INFO - Trajectory 17: Processed 50 frames
2025-11-05 21:39:35 - INFO - Trajectory 16: Processed 60 frames
2025-11-05 21:39:36 - INFO - Trajectory 17: Processed 60 frames
2025-11-05 21:39:36 - INFO - Trajectory 16: Processed 70 frames
2025-11-05 21:39:36 - INFO - Trajectory 17: Processed 70 frames
2025-11-05 21:39:37 - INFO - Trajectory 16: Processed 80 frames
2025-11-05 21:39:37 - INFO - Trajectory 17: Processed 80 frames
2025-11-05 21:39:37 - INFO - Trajectory 16: Processed 90 frames
2025-11-05 21:39:38 - INFO - Trajectory 17: Processed 90 frames
2025-11-05 21:39:38 - INFO - Trajectory 16: Processed 100 frames
2025-11-05 21:39:38 - ERROR - Trajectories:  94%|#########4| 17/18 [00:25<00:01,  1.20s/it, Latest: sep_prot_frames_DPP9_12i_Nonbinder.tar.gz]
2025-11-05 21:39:38 - ERROR - Trajectories:  94%|#########4| 17/18 [00:25<00:01,  1.20s/it, Latest: sep_prot_frames_DPP9_42_DPP9selective.tar.gz]
2025-11-05 21:39:38 - INFO - Trajectory 17: Processed 100 frames
2025-11-05 21:39:38 - ERROR - Trajectories: 100%|##########| 18/18 [00:25<00:00,  1.05s/it, Latest: sep_prot_frames_DPP9_42_DPP9selective.tar.gz]
2025-11-05 21:39:38 - ERROR - Trajectories: 100%|##########| 18/18 [00:25<00:00,  1.05s/it, Latest: sep_prot_frames_DPP9_apo.tar.gz]
2025-11-05 21:39:38 - ERROR - Trajectories: 100%|##########| 18/18 [00:25<00:00,  1.42s/it, Latest: sep_prot_frames_DPP9_apo.tar.gz]
2025-11-05 21:39:38 - INFO - Finished Pre-Processing
2025-11-05 21:39:38 - ERROR - Traceback (most recent call last):
2025-11-05 21:39:38 - ERROR - File "/home/samro/Thesis-molecular_dynamics_trajectory_embeddings/src/data_preprocessing/data_preprocessing.py", line 99, in <module>
2025-11-05 21:39:38 - ERROR - full_tensor = process_parallel(raw_data_path, max_workers=8)
2025-11-05 21:39:38 - ERROR - ^
2025-11-05 21:39:38 - ERROR - ^
2025-11-05 21:39:38 - ERROR - ^
2025-11-05 21:39:38 - ERROR - ^
2025-11-05 21:39:38 - ERROR - ^
2025-11-05 21:39:38 - ERROR - ^
2025-11-05 21:39:38 - ERROR - ^
2025-11-05 21:39:38 - ERROR - ^
2025-11-05 21:39:38 - ERROR - ^
2025-11-05 21:39:38 - ERROR - ^
2025-11-05 21:39:38 - ERROR - ^
2025-11-05 21:39:38 - ERROR - ^
2025-11-05 21:39:38 - ERROR - ^
2025-11-05 21:39:38 - ERROR - ^
2025-11-05 21:39:38 - ERROR - ^
2025-11-05 21:39:38 - ERROR - ^
2025-11-05 21:39:38 - ERROR - ^
2025-11-05 21:39:38 - ERROR - ^
2025-11-05 21:39:38 - ERROR - ^
2025-11-05 21:39:38 - ERROR - ^
2025-11-05 21:39:38 - ERROR - ^
2025-11-05 21:39:38 - ERROR - ^
2025-11-05 21:39:38 - ERROR - ^
2025-11-05 21:39:38 - ERROR - ^
2025-11-05 21:39:38 - ERROR - ^
2025-11-05 21:39:38 - ERROR - ^
2025-11-05 21:39:38 - ERROR - ^
2025-11-05 21:39:38 - ERROR - ^
2025-11-05 21:39:38 - ERROR - ^
2025-11-05 21:39:38 - ERROR - ^
2025-11-05 21:39:38 - ERROR - ^
2025-11-05 21:39:38 - ERROR - ^
2025-11-05 21:39:38 - ERROR - ^
2025-11-05 21:39:38 - ERROR - ^
2025-11-05 21:39:38 - ERROR - ^
2025-11-05 21:39:38 - ERROR - ^
2025-11-05 21:39:38 - ERROR - ^
2025-11-05 21:39:38 - ERROR - ^
2025-11-05 21:39:38 - ERROR - ^
2025-11-05 21:39:38 - ERROR - ^
2025-11-05 21:39:38 - ERROR - ^
2025-11-05 21:39:38 - ERROR - ^
2025-11-05 21:39:38 - ERROR - ^
2025-11-05 21:39:38 - ERROR - ^
2025-11-05 21:39:38 - ERROR - ^
2025-11-05 21:39:38 - ERROR - ^
2025-11-05 21:39:38 - ERROR - File "/home/samro/Thesis-molecular_dynamics_trajectory_embeddings/src/data_preprocessing/data_preprocessing.py", line 84, in process_parallel
2025-11-05 21:39:38 - ERROR - return torch.stack(results)
2025-11-05 21:39:38 - ERROR - ^
2025-11-05 21:39:38 - ERROR - ^
2025-11-05 21:39:38 - ERROR - ^
2025-11-05 21:39:38 - ERROR - ^
2025-11-05 21:39:38 - ERROR - ^
2025-11-05 21:39:38 - ERROR - ^
2025-11-05 21:39:38 - ERROR - ^
2025-11-05 21:39:38 - ERROR - ^
2025-11-05 21:39:38 - ERROR - ^
2025-11-05 21:39:38 - ERROR - ^
2025-11-05 21:39:38 - ERROR - ^
2025-11-05 21:39:38 - ERROR - ^
2025-11-05 21:39:38 - ERROR - ^
2025-11-05 21:39:38 - ERROR - ^
2025-11-05 21:39:38 - ERROR - ^
2025-11-05 21:39:38 - ERROR - ^
2025-11-05 21:39:38 - ERROR - ^
2025-11-05 21:39:38 - ERROR - ^
2025-11-05 21:39:38 - ERROR - ^
2025-11-05 21:39:38 - ERROR - ^
2025-11-05 21:39:38 - ERROR - RuntimeError
2025-11-05 21:39:38 - ERROR - :
2025-11-05 21:39:38 - ERROR - stack expects each tensor to be equal size, but got [101, 27286, 3] at entry 0 and [101, 26876, 3] at entry 9
