2025-11-14 18:42:30 - INFO - ✓ Logger set up. Logs will be saved to ./logs/data_preprocessing
2025-11-14 18:42:30 - INFO - Starting data preprocessing...
2025-11-14 18:42:30 - INFO - Processing 18 individual trajectories...
2025-11-14 18:42:30 - ERROR - Trajectories:   0%|          | 0/18 [00:00<?, ?it/s]
2025-11-14 18:42:30 - INFO - Trajectory 1: Processed 0 frames
2025-11-14 18:42:30 - INFO - Trajectory 6: Processed 0 frames
2025-11-14 18:42:30 - INFO - Trajectory 0: Processed 0 frames
2025-11-14 18:42:30 - INFO - Trajectory 3: Processed 0 frames
2025-11-14 18:42:30 - INFO - Trajectory 2: Processed 0 frames
2025-11-14 18:42:30 - INFO - Trajectory 4: Processed 0 frames
2025-11-14 18:42:30 - INFO - Trajectory 7: Processed 0 frames
2025-11-14 18:42:30 - INFO - Trajectory 5: Processed 0 frames
2025-11-14 18:43:56 - INFO - Trajectory 7: Processed 1000 frames
2025-11-14 18:43:56 - INFO - Trajectory 2: Processed 1000 frames
2025-11-14 18:43:56 - INFO - Trajectory 6: Processed 1000 frames
2025-11-14 18:43:56 - INFO - Trajectory 0: Processed 1000 frames
2025-11-14 18:43:56 - INFO - Trajectory 5: Processed 1000 frames
2025-11-14 18:43:56 - INFO - Trajectory 3: Processed 1000 frames
2025-11-14 18:43:57 - INFO - Trajectory 4: Processed 1000 frames
2025-11-14 18:43:57 - INFO - Trajectory 1: Processed 1000 frames
2025-11-14 18:45:23 - INFO - Trajectory 7: Processed 2000 frames
2025-11-14 18:45:23 - INFO - Trajectory 6: Processed 2000 frames
2025-11-14 18:45:23 - INFO - Trajectory 2: Processed 2000 frames
2025-11-14 18:45:24 - INFO - Trajectory 0: Processed 2000 frames
2025-11-14 18:45:24 - INFO - Trajectory 3: Processed 2000 frames
2025-11-14 18:45:24 - INFO - Trajectory 4: Processed 2000 frames
2025-11-14 18:45:24 - INFO - Trajectory 5: Processed 2000 frames
2025-11-14 18:45:25 - INFO - Trajectory 1: Processed 2000 frames
2025-11-14 18:46:51 - INFO - Trajectory 7: Processed 3000 frames
2025-11-14 18:46:51 - INFO - Trajectory 2: Processed 3000 frames
2025-11-14 18:46:51 - INFO - Trajectory 6: Processed 3000 frames
2025-11-14 18:46:52 - INFO - Trajectory 0: Processed 3000 frames
2025-11-14 18:46:52 - INFO - Trajectory 5: Processed 3000 frames
2025-11-14 18:46:52 - INFO - Trajectory 4: Processed 3000 frames
2025-11-14 18:46:53 - INFO - Trajectory 3: Processed 3000 frames
2025-11-14 18:46:53 - INFO - Trajectory 1: Processed 3000 frames
2025-11-14 18:48:17 - INFO - Trajectory 6: Processed 4000 frames
2025-11-14 18:48:17 - INFO - Trajectory 7: Processed 4000 frames
2025-11-14 18:48:18 - INFO - Trajectory 2: Processed 4000 frames
2025-11-14 18:48:18 - INFO - Trajectory 0: Processed 4000 frames
2025-11-14 18:48:18 - INFO - Trajectory 4: Processed 4000 frames
2025-11-14 18:48:19 - INFO - Trajectory 3: Processed 4000 frames
2025-11-14 18:48:19 - INFO - Trajectory 5: Processed 4000 frames
2025-11-14 18:48:20 - INFO - Trajectory 1: Processed 4000 frames
2025-11-14 18:49:44 - INFO - Trajectory 2: Processed 5000 frames
2025-11-14 18:49:45 - INFO - Trajectory 7: Processed 5000 frames
2025-11-14 18:49:45 - INFO - Trajectory 6: Processed 5000 frames
2025-11-14 18:49:45 - INFO - Trajectory 0: Processed 5000 frames
2025-11-14 18:49:45 - INFO - Trajectory 4: Processed 5000 frames
2025-11-14 18:49:46 - INFO - Trajectory 3: Processed 5000 frames
2025-11-14 18:49:46 - INFO - Trajectory 5: Processed 5000 frames
2025-11-14 18:49:47 - INFO - Trajectory 1: Processed 5000 frames
2025-11-14 18:51:13 - INFO - Trajectory 2: Processed 6000 frames
2025-11-14 18:51:14 - INFO - Trajectory 7: Processed 6000 frames
2025-11-14 18:51:15 - INFO - Trajectory 6: Processed 6000 frames
2025-11-14 18:51:15 - INFO - Trajectory 4: Processed 6000 frames
2025-11-14 18:51:15 - INFO - Trajectory 0: Processed 6000 frames
2025-11-14 18:51:16 - INFO - Trajectory 3: Processed 6000 frames
2025-11-14 18:51:16 - INFO - Trajectory 5: Processed 6000 frames
2025-11-14 18:51:16 - INFO - Trajectory 1: Processed 6000 frames
2025-11-14 18:52:50 - INFO - Trajectory 2: Processed 7000 frames
2025-11-14 18:52:51 - INFO - Trajectory 7: Processed 7000 frames
2025-11-14 18:52:51 - INFO - Trajectory 6: Processed 7000 frames
2025-11-14 18:52:51 - INFO - Trajectory 5: Processed 7000 frames
2025-11-14 18:52:52 - INFO - Trajectory 4: Processed 7000 frames
2025-11-14 18:52:52 - INFO - Trajectory 1: Processed 7000 frames
2025-11-14 18:52:53 - INFO - Trajectory 0: Processed 7000 frames
2025-11-14 18:52:53 - INFO - Trajectory 3: Processed 7000 frames
2025-11-14 18:53:06 - INFO - Trajectory 9: Processed 0 frames
2025-11-14 18:53:06 - INFO - Trajectory 8: Processed 0 frames
2025-11-14 18:53:06 - INFO - Trajectory 10: Processed 0 frames
