2025-11-14 14:38:35 - INFO - Processing 18 individual trajectories...
2025-11-14 14:38:35 - ERROR - Trajectories:   0%|          | 0/18 [00:00<?, ?it/s]
2025-11-14 14:38:36 - INFO - Trajectory 3: Processed 0 frames
2025-11-14 14:38:36 - INFO - Trajectory 2: Processed 0 frames
2025-11-14 14:38:36 - INFO - Trajectory 0: Processed 0 frames
2025-11-14 14:38:36 - INFO - Trajectory 4: Processed 0 frames
2025-11-14 14:38:36 - INFO - Trajectory 1: Processed 0 frames
2025-11-14 14:38:36 - INFO - Trajectory 5: Processed 0 frames
2025-11-14 14:38:36 - INFO - Trajectory 7: Processed 0 frames
2025-11-14 14:38:36 - INFO - Trajectory 6: Processed 0 frames
2025-11-14 14:38:37 - INFO - Trajectory 2: Processed 10 frames
2025-11-14 14:38:37 - INFO - Trajectory 1: Processed 10 frames
2025-11-14 14:38:37 - INFO - Trajectory 4: Processed 10 frames
2025-11-14 14:38:37 - ERROR - Trajectories:   6%|5         | 1/18 [00:01<00:27,  1.61s/it]
2025-11-14 14:38:37 - ERROR - Trajectories:   6%|5         | 1/18 [00:01<00:27,  1.61s/it, Latest=sep_prot_frames_DPP8_0005356_DPP9selective.tar.gz, Shape=torch.Size([11, 27286, 3])]
2025-11-14 14:38:37 - ERROR - Trajectories:  11%|#1        | 2/18 [00:01<00:25,  1.61s/it, Latest=sep_prot_frames_DPP8_0005862_DPP8selective.tar.gz, Shape=torch.Size([11, 27286, 3])]
2025-11-14 14:38:37 - ERROR - Trajectories:  17%|#6        | 3/18 [00:01<00:24,  1.61s/it, Latest=sep_prot_frames_DPP8_0003822_Aselective.tar.gz, Shape=torch.Size([11, 27286, 3])]
2025-11-14 14:38:37 - INFO - Trajectory 3: Processed 10 frames
2025-11-14 14:38:37 - INFO - Trajectory 10: Processed 0 frames
2025-11-14 14:38:37 - INFO - Trajectory 8: Processed 0 frames
2025-11-14 14:38:37 - INFO - Trajectory 9: Processed 0 frames
2025-11-14 14:38:37 - ERROR - Trajectories:  22%|##2       | 4/18 [00:01<00:05,  2.60it/s, Latest=sep_prot_frames_DPP8_0003822_Aselective.tar.gz, Shape=torch.Size([11, 27286, 3])]
2025-11-14 14:38:37 - ERROR - Trajectories:  22%|##2       | 4/18 [00:01<00:05,  2.60it/s, Latest=sep_prot_frames_DPP8_0005362_Aselective.tar.gz, Shape=torch.Size([11, 27286, 3])]
2025-11-14 14:38:37 - INFO - Trajectory 5: Processed 10 frames
2025-11-14 14:38:37 - INFO - Trajectory 11: Processed 0 frames
2025-11-14 14:38:38 - INFO - Trajectory 6: Processed 10 frames
2025-11-14 14:38:38 - ERROR - Trajectories:  28%|##7       | 5/18 [00:02<00:05,  2.59it/s, Latest=sep_prot_frames_DPP8_0005362_Aselective.tar.gz, Shape=torch.Size([11, 27286, 3])]
2025-11-14 14:38:38 - ERROR - Trajectories:  28%|##7       | 5/18 [00:02<00:05,  2.59it/s, Latest=sep_prot_frames_DPP8_000808_DPP8selective.tar.gz, Shape=torch.Size([11, 27286, 3])]
2025-11-14 14:38:38 - INFO - Trajectory 0: Processed 10 frames
2025-11-14 14:38:38 - ERROR - Trajectories:  33%|###3      | 6/18 [00:02<00:03,  3.07it/s, Latest=sep_prot_frames_DPP8_000808_DPP8selective.tar.gz, Shape=torch.Size([11, 27286, 3])]
2025-11-14 14:38:38 - ERROR - Trajectories:  33%|###3      | 6/18 [00:02<00:03,  3.07it/s, Latest=sep_prot_frames_DPP8_12i_Nonbinder.tar.gz, Shape=torch.Size([11, 27286, 3])]
2025-11-14 14:38:38 - INFO - Trajectory 7: Processed 10 frames
2025-11-14 14:38:38 - INFO - Trajectory 12: Processed 0 frames
2025-11-14 14:38:38 - ERROR - Trajectories:  39%|###8      | 7/18 [00:02<00:03,  3.07it/s, Latest=sep_prot_frames_DPP8_0000157_Nonbinder.tar.gz, Shape=torch.Size([11, 27286, 3])]
2025-11-14 14:38:38 - INFO - Trajectory 13: Processed 0 frames
2025-11-14 14:38:38 - INFO - Trajectory 14: Processed 0 frames
2025-11-14 14:38:38 - ERROR - Trajectories:  44%|####4     | 8/18 [00:02<00:02,  4.56it/s, Latest=sep_prot_frames_DPP8_0000157_Nonbinder.tar.gz, Shape=torch.Size([11, 27286, 3])]
2025-11-14 14:38:38 - ERROR - Trajectories:  44%|####4     | 8/18 [00:02<00:02,  4.56it/s, Latest=sep_prot_frames_DPP8_42_DPP9selective.tar.gz, Shape=torch.Size([11, 27286, 3])]
2025-11-14 14:38:38 - INFO - Trajectory 15: Processed 0 frames
2025-11-14 14:38:38 - INFO - Trajectory 10: Processed 10 frames
2025-11-14 14:38:38 - INFO - Trajectory 8: Processed 10 frames
2025-11-14 14:38:38 - INFO - Trajectory 9: Processed 10 frames
2025-11-14 14:38:38 - ERROR - Trajectories:  50%|#####     | 9/18 [00:03<00:02,  3.52it/s, Latest=sep_prot_frames_DPP8_42_DPP9selective.tar.gz, Shape=torch.Size([11, 27286, 3])]
2025-11-14 14:38:38 - ERROR - Trajectories:  50%|#####     | 9/18 [00:03<00:02,  3.52it/s, Latest=sep_prot_frames_DPP9_0003822_Aselective.tar.gz, Shape=torch.Size([11, 26876, 3])]
2025-11-14 14:38:38 - ERROR - Trajectories:  56%|#####5    | 10/18 [00:03<00:02,  3.52it/s, Latest=sep_prot_frames_DPP8_apo.tar.gz, Shape=torch.Size([11, 27286, 3])]
2025-11-14 14:38:39 - ERROR - Trajectories:  61%|######1   | 11/18 [00:03<00:01,  3.52it/s, Latest=sep_prot_frames_DPP9_0000157_Nonbinder.tar.gz, Shape=torch.Size([11, 26876, 3])]
2025-11-14 14:38:39 - INFO - Trajectory 17: Processed 0 frames
2025-11-14 14:38:39 - INFO - Trajectory 16: Processed 0 frames
2025-11-14 14:38:39 - INFO - Trajectory 11: Processed 10 frames
2025-11-14 14:38:39 - ERROR - Trajectories:  67%|######6   | 12/18 [00:03<00:01,  5.49it/s, Latest=sep_prot_frames_DPP9_0000157_Nonbinder.tar.gz, Shape=torch.Size([11, 26876, 3])]
2025-11-14 14:38:39 - ERROR - Trajectories:  67%|######6   | 12/18 [00:03<00:01,  5.49it/s, Latest=sep_prot_frames_DPP9_0005356_DPP9selective.tar.gz, Shape=torch.Size([11, 26876, 3])]
2025-11-14 14:38:39 - INFO - Trajectory 12: Processed 10 frames
2025-11-14 14:38:39 - ERROR - Trajectories:  72%|#######2  | 13/18 [00:03<00:00,  5.49it/s, Latest=sep_prot_frames_DPP9_0005362_Aselective.tar.gz, Shape=torch.Size([11, 26876, 3])]
2025-11-14 14:38:39 - INFO - Trajectory 13: Processed 10 frames
2025-11-14 14:38:39 - ERROR - Trajectories:  78%|#######7  | 14/18 [00:03<00:00,  6.97it/s, Latest=sep_prot_frames_DPP9_0005362_Aselective.tar.gz, Shape=torch.Size([11, 26876, 3])]
2025-11-14 14:38:39 - ERROR - Trajectories:  78%|#######7  | 14/18 [00:03<00:00,  6.97it/s, Latest=sep_prot_frames_DPP9_0005862_DPP8selective.tar.gz, Shape=torch.Size([11, 26876, 3])]
2025-11-14 14:38:39 - INFO - Trajectory 14: Processed 10 frames
2025-11-14 14:38:39 - INFO - Trajectory 15: Processed 10 frames
2025-11-14 14:38:39 - ERROR - Trajectories:  83%|########3 | 15/18 [00:03<00:00,  6.97it/s, Latest=sep_prot_frames_DPP9_000808_DPP8selective.tar.gz, Shape=torch.Size([11, 26876, 3])]
2025-11-14 14:38:39 - ERROR - Trajectories:  89%|########8 | 16/18 [00:03<00:00,  8.73it/s, Latest=sep_prot_frames_DPP9_000808_DPP8selective.tar.gz, Shape=torch.Size([11, 26876, 3])]
2025-11-14 14:38:39 - ERROR - Trajectories:  89%|########8 | 16/18 [00:03<00:00,  8.73it/s, Latest=sep_prot_frames_DPP9_12i_Nonbinder.tar.gz, Shape=torch.Size([11, 26876, 3])]
2025-11-14 14:38:39 - INFO - Trajectory 17: Processed 10 frames
2025-11-14 14:38:39 - INFO - Trajectory 16: Processed 10 frames
2025-11-14 14:38:39 - ERROR - Trajectories:  94%|#########4| 17/18 [00:04<00:00,  8.73it/s, Latest=sep_prot_frames_DPP9_42_DPP9selective.tar.gz, Shape=torch.Size([11, 26876, 3])]
2025-11-14 14:38:39 - ERROR - Trajectories: 100%|##########| 18/18 [00:04<00:00,  6.79it/s, Latest=sep_prot_frames_DPP9_42_DPP9selective.tar.gz, Shape=torch.Size([11, 26876, 3])]
2025-11-14 14:38:39 - ERROR - Trajectories: 100%|##########| 18/18 [00:04<00:00,  6.79it/s, Latest=sep_prot_frames_DPP9_apo.tar.gz, Shape=torch.Size([11, 26876, 3])]
2025-11-14 14:38:39 - ERROR - Trajectories: 100%|##########| 18/18 [00:04<00:00,  4.39it/s, Latest=sep_prot_frames_DPP9_apo.tar.gz, Shape=torch.Size([11, 26876, 3])]
2025-11-14 14:38:39 - INFO - Padding trajectories to size 28224
2025-11-14 14:38:39 - INFO - Trajectory 0: padded from 27286 atoms to 28224
2025-11-14 14:38:39 - INFO - Trajectory 1: padded from 27286 atoms to 28224
2025-11-14 14:38:39 - INFO - Trajectory 2: padded from 27286 atoms to 28224
2025-11-14 14:38:39 - INFO - Trajectory 3: padded from 27286 atoms to 28224
2025-11-14 14:38:39 - INFO - Trajectory 4: padded from 27286 atoms to 28224
2025-11-14 14:38:39 - INFO - Trajectory 5: padded from 27286 atoms to 28224
2025-11-14 14:38:39 - INFO - Trajectory 6: padded from 27286 atoms to 28224
2025-11-14 14:38:39 - INFO - Trajectory 7: padded from 27286 atoms to 28224
2025-11-14 14:38:39 - INFO - Trajectory 8: padded from 26876 atoms to 28224
2025-11-14 14:38:39 - INFO - Trajectory 9: padded from 27286 atoms to 28224
2025-11-14 14:38:39 - INFO - Trajectory 10: padded from 26876 atoms to 28224
2025-11-14 14:38:39 - INFO - Trajectory 11: padded from 26876 atoms to 28224
2025-11-14 14:38:39 - INFO - Trajectory 12: padded from 26876 atoms to 28224
2025-11-14 14:38:39 - INFO - Trajectory 13: padded from 26876 atoms to 28224
2025-11-14 14:38:39 - INFO - Trajectory 14: padded from 26876 atoms to 28224
2025-11-14 14:38:39 - INFO - Trajectory 15: padded from 26876 atoms to 28224
2025-11-14 14:38:39 - INFO - Trajectory 16: padded from 26876 atoms to 28224
2025-11-14 14:38:39 - INFO - Trajectory 17: padded from 26876 atoms to 28224
2025-11-14 14:38:39 - INFO - Finished padding tensors
2025-11-14 14:38:39 - ERROR - Traceback (most recent call last):
2025-11-14 14:38:39 - ERROR - File "/home/samro/Thesis-molecular_dynamics_trajectory_embeddings/src/data_preprocessing/data_preprocessing.py", line 186, in <module>
2025-11-14 14:38:39 - ERROR - trajectory_tensors, trajectory_masks = apply_padding(trajectory_tensors, 168*168) # Shape: (18, 10.001, 168*168, 3)
2025-11-14 14:38:39 - ERROR - ^
2025-11-14 14:38:39 - ERROR - ^
2025-11-14 14:38:39 - ERROR - ^
2025-11-14 14:38:39 - ERROR - ^
2025-11-14 14:38:39 - ERROR - ^
2025-11-14 14:38:39 - ERROR - ^
2025-11-14 14:38:39 - ERROR - ^
2025-11-14 14:38:39 - ERROR - ^
2025-11-14 14:38:39 - ERROR - ^
2025-11-14 14:38:39 - ERROR - ^
2025-11-14 14:38:39 - ERROR - ^
2025-11-14 14:38:39 - ERROR - ^
2025-11-14 14:38:39 - ERROR - ^
2025-11-14 14:38:39 - ERROR - ^
2025-11-14 14:38:39 - ERROR - ^
2025-11-14 14:38:39 - ERROR - ^
2025-11-14 14:38:39 - ERROR - ^
2025-11-14 14:38:39 - ERROR - ^
2025-11-14 14:38:39 - ERROR - ^
2025-11-14 14:38:39 - ERROR - ^
2025-11-14 14:38:39 - ERROR - ^
2025-11-14 14:38:39 - ERROR - ^
2025-11-14 14:38:39 - ERROR - ^
2025-11-14 14:38:39 - ERROR - ^
2025-11-14 14:38:39 - ERROR - ^
2025-11-14 14:38:39 - ERROR - ^
2025-11-14 14:38:39 - ERROR - ^
2025-11-14 14:38:39 - ERROR - ^
2025-11-14 14:38:39 - ERROR - ^
2025-11-14 14:38:39 - ERROR - ^
2025-11-14 14:38:39 - ERROR - ^
2025-11-14 14:38:39 - ERROR - ^
2025-11-14 14:38:39 - ERROR - ^
2025-11-14 14:38:39 - ERROR - ^
2025-11-14 14:38:39 - ERROR - ^
2025-11-14 14:38:39 - ERROR - ^
2025-11-14 14:38:39 - ERROR - ^
2025-11-14 14:38:39 - ERROR - ^
2025-11-14 14:38:39 - ERROR - ^
2025-11-14 14:38:39 - ERROR - ^
2025-11-14 14:38:39 - ERROR - ^
2025-11-14 14:38:39 - ERROR - ^
2025-11-14 14:38:39 - ERROR - File "/home/samro/Thesis-molecular_dynamics_trajectory_embeddings/src/data_preprocessing/data_preprocessing.py", line 126, in apply_padding
2025-11-14 14:38:39 - ERROR - return data_tensor, mask_tensor
2025-11-14 14:38:39 - ERROR - ^
2025-11-14 14:38:39 - ERROR - ^
2025-11-14 14:38:39 - ERROR - ^
2025-11-14 14:38:39 - ERROR - ^
2025-11-14 14:38:39 - ERROR - ^
2025-11-14 14:38:39 - ERROR - ^
2025-11-14 14:38:39 - ERROR - ^
2025-11-14 14:38:39 - ERROR - ^
2025-11-14 14:38:39 - ERROR - ^
2025-11-14 14:38:39 - ERROR - ^
2025-11-14 14:38:39 - ERROR - ^
2025-11-14 14:38:39 - ERROR - NameError
2025-11-14 14:38:39 - ERROR - :
2025-11-14 14:38:39 - ERROR - name 'mask_tensor' is not defined
2025-11-14 14:38:39 - ERROR - . Did you mean: 'data_tensor'?
