2025-11-05 21:48:25 - INFO - Started Pre-Processing raw data
2025-11-05 21:48:25 - ERROR - Trajectories:   0%|          | 0/18 [00:00<?, ?it/s]
2025-11-05 21:48:25 - INFO - Trajectory 7: Processed 0 frames
2025-11-05 21:48:25 - INFO - Trajectory 5: Processed 0 frames
2025-11-05 21:48:25 - INFO - Trajectory 0: Processed 0 frames
2025-11-05 21:48:25 - INFO - Trajectory 6: Processed 0 frames
2025-11-05 21:48:25 - INFO - Trajectory 2: Processed 0 frames
2025-11-05 21:48:25 - INFO - Trajectory 1: Processed 0 frames
2025-11-05 21:48:25 - INFO - Trajectory 3: Processed 0 frames
2025-11-05 21:48:25 - INFO - Trajectory 4: Processed 0 frames
2025-11-05 21:48:26 - INFO - Trajectory 6: Processed 10 frames
2025-11-05 21:48:26 - INFO - Trajectory 2: Processed 10 frames
2025-11-05 21:48:26 - INFO - Trajectory 4: Processed 10 frames
2025-11-05 21:48:26 - INFO - Trajectory 0: Processed 10 frames
2025-11-05 21:48:26 - INFO - Trajectory 7: Processed 10 frames
2025-11-05 21:48:26 - INFO - Trajectory 1: Processed 10 frames
2025-11-05 21:48:26 - INFO - Trajectory 3: Processed 10 frames
2025-11-05 21:48:26 - INFO - Trajectory 5: Processed 10 frames
2025-11-05 21:48:27 - INFO - Trajectory 6: Processed 20 frames
2025-11-05 21:48:27 - INFO - Trajectory 2: Processed 20 frames
2025-11-05 21:48:27 - INFO - Trajectory 4: Processed 20 frames
2025-11-05 21:48:27 - INFO - Trajectory 3: Processed 20 frames
2025-11-05 21:48:27 - INFO - Trajectory 7: Processed 20 frames
2025-11-05 21:48:27 - INFO - Trajectory 0: Processed 20 frames
2025-11-05 21:48:27 - INFO - Trajectory 5: Processed 20 frames
2025-11-05 21:48:27 - INFO - Trajectory 1: Processed 20 frames
2025-11-05 21:48:28 - INFO - Trajectory 4: Processed 30 frames
2025-11-05 21:48:28 - INFO - Trajectory 6: Processed 30 frames
2025-11-05 21:48:28 - INFO - Trajectory 2: Processed 30 frames
2025-11-05 21:48:28 - INFO - Trajectory 3: Processed 30 frames
2025-11-05 21:48:28 - INFO - Trajectory 1: Processed 30 frames
2025-11-05 21:48:28 - INFO - Trajectory 5: Processed 30 frames
2025-11-05 21:48:28 - INFO - Trajectory 0: Processed 30 frames
2025-11-05 21:48:28 - INFO - Trajectory 7: Processed 30 frames
2025-11-05 21:48:29 - INFO - Trajectory 4: Processed 40 frames
2025-11-05 21:48:29 - INFO - Trajectory 2: Processed 40 frames
2025-11-05 21:48:29 - INFO - Trajectory 6: Processed 40 frames
2025-11-05 21:48:29 - INFO - Trajectory 3: Processed 40 frames
2025-11-05 21:48:29 - INFO - Trajectory 5: Processed 40 frames
2025-11-05 21:48:30 - INFO - Trajectory 7: Processed 40 frames
2025-11-05 21:48:30 - INFO - Trajectory 0: Processed 40 frames
2025-11-05 21:48:30 - INFO - Trajectory 1: Processed 40 frames
2025-11-05 21:48:30 - INFO - Trajectory 4: Processed 50 frames
2025-11-05 21:48:30 - INFO - Trajectory 2: Processed 50 frames
2025-11-05 21:48:30 - INFO - Trajectory 6: Processed 50 frames
2025-11-05 21:48:30 - INFO - Trajectory 0: Processed 50 frames
2025-11-05 21:48:31 - INFO - Trajectory 5: Processed 50 frames
2025-11-05 21:48:31 - INFO - Trajectory 1: Processed 50 frames
2025-11-05 21:48:31 - INFO - Trajectory 7: Processed 50 frames
2025-11-05 21:48:31 - INFO - Trajectory 3: Processed 50 frames
2025-11-05 21:48:31 - INFO - Trajectory 4: Processed 60 frames
2025-11-05 21:48:32 - INFO - Trajectory 2: Processed 60 frames
2025-11-05 21:48:32 - INFO - Trajectory 6: Processed 60 frames
2025-11-05 21:48:32 - INFO - Trajectory 5: Processed 60 frames
2025-11-05 21:48:32 - INFO - Trajectory 7: Processed 60 frames
2025-11-05 21:48:32 - INFO - Trajectory 0: Processed 60 frames
2025-11-05 21:48:32 - INFO - Trajectory 1: Processed 60 frames
2025-11-05 21:48:32 - INFO - Trajectory 3: Processed 60 frames
2025-11-05 21:48:33 - INFO - Trajectory 4: Processed 70 frames
2025-11-05 21:48:33 - INFO - Trajectory 2: Processed 70 frames
2025-11-05 21:48:33 - INFO - Trajectory 6: Processed 70 frames
2025-11-05 21:48:33 - INFO - Trajectory 0: Processed 70 frames
2025-11-05 21:48:33 - INFO - Trajectory 7: Processed 70 frames
2025-11-05 21:48:33 - INFO - Trajectory 5: Processed 70 frames
2025-11-05 21:48:33 - INFO - Trajectory 1: Processed 70 frames
2025-11-05 21:48:33 - INFO - Trajectory 3: Processed 70 frames
2025-11-05 21:48:34 - INFO - Trajectory 4: Processed 80 frames
2025-11-05 21:48:34 - INFO - Trajectory 2: Processed 80 frames
2025-11-05 21:48:34 - INFO - Trajectory 6: Processed 80 frames
2025-11-05 21:48:34 - INFO - Trajectory 7: Processed 80 frames
2025-11-05 21:48:34 - INFO - Trajectory 0: Processed 80 frames
2025-11-05 21:48:34 - INFO - Trajectory 5: Processed 80 frames
2025-11-05 21:48:34 - INFO - Trajectory 3: Processed 80 frames
2025-11-05 21:48:34 - INFO - Trajectory 1: Processed 80 frames
2025-11-05 21:48:35 - INFO - Trajectory 4: Processed 90 frames
2025-11-05 21:48:35 - INFO - Trajectory 2: Processed 90 frames
2025-11-05 21:48:35 - INFO - Trajectory 6: Processed 90 frames
2025-11-05 21:48:35 - INFO - Trajectory 7: Processed 90 frames
2025-11-05 21:48:35 - INFO - Trajectory 0: Processed 90 frames
2025-11-05 21:48:35 - INFO - Trajectory 5: Processed 90 frames
2025-11-05 21:48:35 - INFO - Trajectory 1: Processed 90 frames
2025-11-05 21:48:35 - INFO - Trajectory 3: Processed 90 frames
2025-11-05 21:48:36 - INFO - Trajectory 4: Processed 100 frames
2025-11-05 21:48:36 - INFO - Trajectory 2: Processed 100 frames
2025-11-05 21:48:36 - INFO - Trajectory 6: Processed 100 frames
2025-11-05 21:48:36 - INFO - Trajectory 0: Processed 100 frames
2025-11-05 21:48:36 - INFO - Trajectory 3: Processed 100 frames
2025-11-05 21:48:36 - INFO - Trajectory 5: Processed 100 frames
2025-11-05 21:48:36 - INFO - Trajectory 1: Processed 100 frames
2025-11-05 21:48:36 - INFO - Trajectory 7: Processed 100 frames
2025-11-05 21:48:37 - INFO - Trajectory 8: Processed 0 frames
2025-11-05 21:48:37 - ERROR - Trajectories:   6%|5         | 1/18 [00:12<03:24, 12.02s/it]
2025-11-05 21:48:37 - ERROR - Trajectories:   6%|5         | 1/18 [00:12<03:24, 12.02s/it, Latest: sep_prot_frames_DPP8_0005862_DPP8selective.tar.gz]
2025-11-05 21:48:37 - ERROR - Trajectories:  11%|#1        | 2/18 [00:12<01:22,  5.13s/it, Latest: sep_prot_frames_DPP8_0005862_DPP8selective.tar.gz]
2025-11-05 21:48:37 - ERROR - Trajectories:  11%|#1        | 2/18 [00:12<01:22,  5.13s/it, Latest: sep_prot_frames_DPP8_0005356_DPP9selective.tar.gz]
2025-11-05 21:48:37 - INFO - Trajectory 9: Processed 0 frames
2025-11-05 21:48:37 - ERROR - Trajectories:  17%|#6        | 3/18 [00:12<01:17,  5.13s/it, Latest: sep_prot_frames_DPP8_12i_Nonbinder.tar.gz]
2025-11-05 21:48:37 - INFO - Trajectory 10: Processed 0 frames
2025-11-05 21:48:38 - ERROR - Trajectories:  22%|##2       | 4/18 [00:13<00:30,  2.18s/it, Latest: sep_prot_frames_DPP8_12i_Nonbinder.tar.gz]
2025-11-05 21:48:38 - ERROR - Trajectories:  22%|##2       | 4/18 [00:13<00:30,  2.18s/it, Latest: sep_prot_frames_DPP8_000808_DPP8selective.tar.gz]
2025-11-05 21:48:38 - INFO - Trajectory 11: Processed 0 frames
2025-11-05 21:48:38 - INFO - Trajectory 12: Processed 0 frames
2025-11-05 21:48:38 - ERROR - Trajectories:  28%|##7       | 5/18 [00:13<00:20,  1.54s/it, Latest: sep_prot_frames_DPP8_000808_DPP8selective.tar.gz]
2025-11-05 21:48:38 - ERROR - Trajectories:  28%|##7       | 5/18 [00:13<00:20,  1.54s/it, Latest: sep_prot_frames_DPP8_0000157_Nonbinder.tar.gz]
2025-11-05 21:48:38 - ERROR - Trajectories:  33%|###3      | 6/18 [00:13<00:13,  1.10s/it, Latest: sep_prot_frames_DPP8_0000157_Nonbinder.tar.gz]
2025-11-05 21:48:38 - ERROR - Trajectories:  33%|###3      | 6/18 [00:13<00:13,  1.10s/it, Latest: sep_prot_frames_DPP8_0003822_Aselective.tar.gz]
2025-11-05 21:48:38 - INFO - Trajectory 13: Processed 0 frames
2025-11-05 21:48:38 - ERROR - Trajectories:  39%|###8      | 7/18 [00:13<00:12,  1.10s/it, Latest: sep_prot_frames_DPP8_0005362_Aselective.tar.gz]
2025-11-05 21:48:38 - INFO - Trajectory 14: Processed 0 frames
2025-11-05 21:48:38 - INFO - Trajectory 15: Processed 0 frames
2025-11-05 21:48:38 - ERROR - Trajectories:  44%|####4     | 8/18 [00:13<00:11,  1.10s/it, Latest: sep_prot_frames_DPP8_42_DPP9selective.tar.gz]
2025-11-05 21:48:38 - INFO - Trajectory 8: Processed 10 frames
2025-11-05 21:48:38 - INFO - Trajectory 10: Processed 10 frames
2025-11-05 21:48:38 - INFO - Trajectory 9: Processed 10 frames
2025-11-05 21:48:39 - INFO - Trajectory 11: Processed 10 frames
2025-11-05 21:48:39 - INFO - Trajectory 12: Processed 10 frames
2025-11-05 21:48:39 - INFO - Trajectory 13: Processed 10 frames
2025-11-05 21:48:39 - INFO - Trajectory 14: Processed 10 frames
2025-11-05 21:48:39 - INFO - Trajectory 15: Processed 10 frames
2025-11-05 21:48:39 - INFO - Trajectory 8: Processed 20 frames
2025-11-05 21:48:40 - INFO - Trajectory 10: Processed 20 frames
2025-11-05 21:48:40 - INFO - Trajectory 9: Processed 20 frames
2025-11-05 21:48:40 - INFO - Trajectory 11: Processed 20 frames
2025-11-05 21:48:40 - INFO - Trajectory 12: Processed 20 frames
2025-11-05 21:48:40 - INFO - Trajectory 13: Processed 20 frames
2025-11-05 21:48:40 - INFO - Trajectory 15: Processed 20 frames
2025-11-05 21:48:40 - INFO - Trajectory 14: Processed 20 frames
2025-11-05 21:48:41 - INFO - Trajectory 9: Processed 30 frames
2025-11-05 21:48:41 - INFO - Trajectory 8: Processed 30 frames
2025-11-05 21:48:41 - INFO - Trajectory 10: Processed 30 frames
2025-11-05 21:48:41 - INFO - Trajectory 11: Processed 30 frames
2025-11-05 21:48:41 - INFO - Trajectory 12: Processed 30 frames
2025-11-05 21:48:41 - INFO - Trajectory 13: Processed 30 frames
2025-11-05 21:48:41 - INFO - Trajectory 15: Processed 30 frames
2025-11-05 21:48:41 - INFO - Trajectory 14: Processed 30 frames
2025-11-05 21:48:42 - INFO - Trajectory 8: Processed 40 frames
2025-11-05 21:48:42 - INFO - Trajectory 9: Processed 40 frames
2025-11-05 21:48:42 - INFO - Trajectory 10: Processed 40 frames
2025-11-05 21:48:42 - INFO - Trajectory 11: Processed 40 frames
2025-11-05 21:48:42 - INFO - Trajectory 12: Processed 40 frames
2025-11-05 21:48:42 - INFO - Trajectory 13: Processed 40 frames
2025-11-05 21:48:42 - INFO - Trajectory 14: Processed 40 frames
2025-11-05 21:48:42 - INFO - Trajectory 15: Processed 40 frames
2025-11-05 21:48:43 - INFO - Trajectory 9: Processed 50 frames
2025-11-05 21:48:43 - INFO - Trajectory 10: Processed 50 frames
2025-11-05 21:48:43 - INFO - Trajectory 8: Processed 50 frames
2025-11-05 21:48:43 - INFO - Trajectory 11: Processed 50 frames
2025-11-05 21:48:43 - INFO - Trajectory 13: Processed 50 frames
2025-11-05 21:48:43 - INFO - Trajectory 12: Processed 50 frames
2025-11-05 21:48:43 - INFO - Trajectory 14: Processed 50 frames
2025-11-05 21:48:43 - INFO - Trajectory 15: Processed 50 frames
2025-11-05 21:48:44 - INFO - Trajectory 9: Processed 60 frames
2025-11-05 21:48:44 - INFO - Trajectory 8: Processed 60 frames
2025-11-05 21:48:44 - INFO - Trajectory 10: Processed 60 frames
2025-11-05 21:48:44 - INFO - Trajectory 11: Processed 60 frames
2025-11-05 21:48:44 - INFO - Trajectory 13: Processed 60 frames
2025-11-05 21:48:44 - INFO - Trajectory 12: Processed 60 frames
2025-11-05 21:48:45 - INFO - Trajectory 15: Processed 60 frames
2025-11-05 21:48:45 - INFO - Trajectory 14: Processed 60 frames
2025-11-05 21:48:45 - INFO - Trajectory 9: Processed 70 frames
2025-11-05 21:48:45 - INFO - Trajectory 8: Processed 70 frames
2025-11-05 21:48:45 - INFO - Trajectory 10: Processed 70 frames
2025-11-05 21:48:45 - INFO - Trajectory 11: Processed 70 frames
2025-11-05 21:48:45 - INFO - Trajectory 13: Processed 70 frames
2025-11-05 21:48:45 - INFO - Trajectory 12: Processed 70 frames
2025-11-05 21:48:46 - INFO - Trajectory 14: Processed 70 frames
2025-11-05 21:48:46 - INFO - Trajectory 15: Processed 70 frames
2025-11-05 21:48:46 - INFO - Trajectory 9: Processed 80 frames
2025-11-05 21:48:46 - INFO - Trajectory 10: Processed 80 frames
2025-11-05 21:48:46 - INFO - Trajectory 8: Processed 80 frames
2025-11-05 21:48:46 - INFO - Trajectory 11: Processed 80 frames
2025-11-05 21:48:46 - INFO - Trajectory 13: Processed 80 frames
2025-11-05 21:48:47 - INFO - Trajectory 12: Processed 80 frames
2025-11-05 21:48:47 - INFO - Trajectory 15: Processed 80 frames
2025-11-05 21:48:47 - INFO - Trajectory 14: Processed 80 frames
2025-11-05 21:48:47 - INFO - Trajectory 9: Processed 90 frames
2025-11-05 21:48:47 - INFO - Trajectory 10: Processed 90 frames
2025-11-05 21:48:47 - INFO - Trajectory 8: Processed 90 frames
2025-11-05 21:48:48 - INFO - Trajectory 11: Processed 90 frames
2025-11-05 21:48:48 - INFO - Trajectory 13: Processed 90 frames
2025-11-05 21:48:48 - INFO - Trajectory 12: Processed 90 frames
2025-11-05 21:48:48 - INFO - Trajectory 15: Processed 90 frames
2025-11-05 21:48:48 - INFO - Trajectory 14: Processed 90 frames
2025-11-05 21:48:48 - INFO - Trajectory 9: Processed 100 frames
2025-11-05 21:48:48 - INFO - Trajectory 8: Processed 100 frames
2025-11-05 21:48:48 - INFO - Trajectory 10: Processed 100 frames
2025-11-05 21:48:48 - ERROR - Trajectories:  50%|#####     | 9/18 [00:23<00:22,  2.45s/it, Latest: sep_prot_frames_DPP8_42_DPP9selective.tar.gz]
2025-11-05 21:48:48 - ERROR - Trajectories:  50%|#####     | 9/18 [00:23<00:22,  2.45s/it, Latest: sep_prot_frames_DPP9_0000157_Nonbinder.tar.gz]
2025-11-05 21:48:48 - INFO - Trajectory 16: Processed 0 frames
2025-11-05 21:48:49 - ERROR - Trajectories:  56%|#####5    | 10/18 [00:23<00:15,  1.96s/it, Latest: sep_prot_frames_DPP9_0000157_Nonbinder.tar.gz]
2025-11-05 21:48:49 - ERROR - Trajectories:  56%|#####5    | 10/18 [00:23<00:15,  1.96s/it, Latest: sep_prot_frames_DPP8_apo.tar.gz]
2025-11-05 21:48:49 - INFO - Trajectory 17: Processed 0 frames
2025-11-05 21:48:49 - ERROR - Trajectories:  61%|######1   | 11/18 [00:24<00:10,  1.55s/it, Latest: sep_prot_frames_DPP8_apo.tar.gz]
2025-11-05 21:48:49 - ERROR - Trajectories:  61%|######1   | 11/18 [00:24<00:10,  1.55s/it, Latest: sep_prot_frames_DPP9_0003822_Aselective.tar.gz]
2025-11-05 21:48:49 - INFO - Trajectory 11: Processed 100 frames
2025-11-05 21:48:49 - INFO - Trajectory 13: Processed 100 frames
2025-11-05 21:48:49 - INFO - Trajectory 12: Processed 100 frames
2025-11-05 21:48:49 - ERROR - Trajectories:  67%|######6   | 12/18 [00:24<00:07,  1.23s/it, Latest: sep_prot_frames_DPP9_0003822_Aselective.tar.gz]
2025-11-05 21:48:49 - ERROR - Trajectories:  67%|######6   | 12/18 [00:24<00:07,  1.23s/it, Latest: sep_prot_frames_DPP9_0005862_DPP8selective.tar.gz]
2025-11-05 21:48:49 - ERROR - Trajectories:  72%|#######2  | 13/18 [00:24<00:06,  1.23s/it, Latest: sep_prot_frames_DPP9_0005362_Aselective.tar.gz]
2025-11-05 21:48:49 - ERROR - Trajectories:  78%|#######7  | 14/18 [00:24<00:04,  1.23s/it, Latest: sep_prot_frames_DPP9_0005356_DPP9selective.tar.gz]
2025-11-05 21:48:49 - INFO - Trajectory 14: Processed 100 frames
2025-11-05 21:48:49 - INFO - Trajectory 15: Processed 100 frames
2025-11-05 21:48:49 - ERROR - Trajectories:  83%|########3 | 15/18 [00:24<00:01,  1.59it/s, Latest: sep_prot_frames_DPP9_0005356_DPP9selective.tar.gz]
2025-11-05 21:48:49 - ERROR - Trajectories:  83%|########3 | 15/18 [00:24<00:01,  1.59it/s, Latest: sep_prot_frames_DPP9_000808_DPP8selective.tar.gz]
2025-11-05 21:48:49 - ERROR - Trajectories:  89%|########8 | 16/18 [00:24<00:01,  1.59it/s, Latest: sep_prot_frames_DPP9_12i_Nonbinder.tar.gz]
2025-11-05 21:48:49 - INFO - Trajectory 16: Processed 10 frames
2025-11-05 21:48:49 - INFO - Trajectory 17: Processed 10 frames
2025-11-05 21:48:50 - INFO - Trajectory 16: Processed 20 frames
2025-11-05 21:48:50 - INFO - Trajectory 17: Processed 20 frames
2025-11-05 21:48:51 - INFO - Trajectory 16: Processed 30 frames
2025-11-05 21:48:51 - INFO - Trajectory 17: Processed 30 frames
2025-11-05 21:48:51 - INFO - Trajectory 16: Processed 40 frames
2025-11-05 21:48:51 - INFO - Trajectory 17: Processed 40 frames
2025-11-05 21:48:52 - INFO - Trajectory 16: Processed 50 frames
2025-11-05 21:48:52 - INFO - Trajectory 17: Processed 50 frames
2025-11-05 21:48:53 - INFO - Trajectory 16: Processed 60 frames
2025-11-05 21:48:53 - INFO - Trajectory 17: Processed 60 frames
2025-11-05 21:48:53 - INFO - Trajectory 16: Processed 70 frames
2025-11-05 21:48:53 - INFO - Trajectory 17: Processed 70 frames
2025-11-05 21:48:54 - INFO - Trajectory 16: Processed 80 frames
2025-11-05 21:48:54 - INFO - Trajectory 17: Processed 80 frames
2025-11-05 21:48:55 - INFO - Trajectory 16: Processed 90 frames
2025-11-05 21:48:55 - INFO - Trajectory 17: Processed 90 frames
2025-11-05 21:48:55 - INFO - Trajectory 16: Processed 100 frames
2025-11-05 21:48:55 - ERROR - Trajectories:  94%|#########4| 17/18 [00:30<00:01,  1.41s/it, Latest: sep_prot_frames_DPP9_12i_Nonbinder.tar.gz]
2025-11-05 21:48:55 - ERROR - Trajectories:  94%|#########4| 17/18 [00:30<00:01,  1.41s/it, Latest: sep_prot_frames_DPP9_42_DPP9selective.tar.gz]
2025-11-05 21:48:55 - INFO - Trajectory 17: Processed 100 frames
2025-11-05 21:48:55 - ERROR - Trajectories: 100%|##########| 18/18 [00:30<00:00,  1.19s/it, Latest: sep_prot_frames_DPP9_42_DPP9selective.tar.gz]
2025-11-05 21:48:55 - ERROR - Trajectories: 100%|##########| 18/18 [00:30<00:00,  1.19s/it, Latest: sep_prot_frames_DPP9_apo.tar.gz]
2025-11-05 21:48:55 - ERROR - Trajectories: 100%|##########| 18/18 [00:30<00:00,  1.72s/it, Latest: sep_prot_frames_DPP9_apo.tar.gz]
2025-11-05 21:48:55 - INFO - Finished Pre-Processing
2025-11-05 21:48:56 - ERROR - Traceback (most recent call last):
2025-11-05 21:48:56 - ERROR - File "/home/samro/Thesis-molecular_dynamics_trajectory_embeddings/src/data_preprocessing/data_preprocessing.py", line 103, in <module>
2025-11-05 21:48:56 - ERROR - full_tensor = process_parallel(raw_data_path, max_workers=8)
2025-11-05 21:48:56 - ERROR - ^
2025-11-05 21:48:56 - ERROR - ^
2025-11-05 21:48:56 - ERROR - ^
2025-11-05 21:48:56 - ERROR - ^
2025-11-05 21:48:56 - ERROR - ^
2025-11-05 21:48:56 - ERROR - ^
2025-11-05 21:48:56 - ERROR - ^
2025-11-05 21:48:56 - ERROR - ^
2025-11-05 21:48:56 - ERROR - ^
2025-11-05 21:48:56 - ERROR - ^
2025-11-05 21:48:56 - ERROR - ^
2025-11-05 21:48:56 - ERROR - ^
2025-11-05 21:48:56 - ERROR - ^
2025-11-05 21:48:56 - ERROR - ^
2025-11-05 21:48:56 - ERROR - ^
2025-11-05 21:48:56 - ERROR - ^
2025-11-05 21:48:56 - ERROR - ^
2025-11-05 21:48:56 - ERROR - ^
2025-11-05 21:48:56 - ERROR - ^
2025-11-05 21:48:56 - ERROR - ^
2025-11-05 21:48:56 - ERROR - ^
2025-11-05 21:48:56 - ERROR - ^
2025-11-05 21:48:56 - ERROR - ^
2025-11-05 21:48:56 - ERROR - ^
2025-11-05 21:48:56 - ERROR - ^
2025-11-05 21:48:56 - ERROR - ^
2025-11-05 21:48:56 - ERROR - ^
2025-11-05 21:48:56 - ERROR - ^
2025-11-05 21:48:56 - ERROR - ^
2025-11-05 21:48:56 - ERROR - ^
2025-11-05 21:48:56 - ERROR - ^
2025-11-05 21:48:56 - ERROR - ^
2025-11-05 21:48:56 - ERROR - ^
2025-11-05 21:48:56 - ERROR - ^
2025-11-05 21:48:56 - ERROR - ^
2025-11-05 21:48:56 - ERROR - ^
2025-11-05 21:48:56 - ERROR - ^
2025-11-05 21:48:56 - ERROR - ^
2025-11-05 21:48:56 - ERROR - ^
2025-11-05 21:48:56 - ERROR - ^
2025-11-05 21:48:56 - ERROR - ^
2025-11-05 21:48:56 - ERROR - ^
2025-11-05 21:48:56 - ERROR - ^
2025-11-05 21:48:56 - ERROR - ^
2025-11-05 21:48:56 - ERROR - ^
2025-11-05 21:48:56 - ERROR - ^
2025-11-05 21:48:56 - ERROR - File "/home/samro/Thesis-molecular_dynamics_trajectory_embeddings/src/data_preprocessing/data_preprocessing.py", line 88, in process_parallel
2025-11-05 21:48:56 - ERROR - return torch.stack(results)
2025-11-05 21:48:56 - ERROR - ^
2025-11-05 21:48:56 - ERROR - ^
2025-11-05 21:48:56 - ERROR - ^
2025-11-05 21:48:56 - ERROR - ^
2025-11-05 21:48:56 - ERROR - ^
2025-11-05 21:48:56 - ERROR - ^
2025-11-05 21:48:56 - ERROR - ^
2025-11-05 21:48:56 - ERROR - ^
2025-11-05 21:48:56 - ERROR - ^
2025-11-05 21:48:56 - ERROR - ^
2025-11-05 21:48:56 - ERROR - ^
2025-11-05 21:48:56 - ERROR - ^
2025-11-05 21:48:56 - ERROR - ^
2025-11-05 21:48:56 - ERROR - ^
2025-11-05 21:48:56 - ERROR - ^
2025-11-05 21:48:56 - ERROR - ^
2025-11-05 21:48:56 - ERROR - ^
2025-11-05 21:48:56 - ERROR - ^
2025-11-05 21:48:56 - ERROR - ^
2025-11-05 21:48:56 - ERROR - ^
2025-11-05 21:48:56 - ERROR - RuntimeError
2025-11-05 21:48:56 - ERROR - :
2025-11-05 21:48:56 - ERROR - stack expects each tensor to be equal size, but got [101, 27286, 3] at entry 0 and [101, 26876, 3] at entry 8
