2025-11-14 18:20:26 - INFO - ✓ Logger set up. Logs will be saved to ./logs/data_preprocessing
2025-11-14 18:20:26 - INFO - Starting data preprocessing...
2025-11-14 18:20:26 - INFO - Processing 18 individual trajectories...
2025-11-14 18:20:26 - ERROR - Trajectories:   0%|          | 0/18 [00:00<?, ?it/s]
2025-11-14 18:20:27 - INFO - Trajectory 5: Processed 0 frames
2025-11-14 18:20:27 - INFO - Trajectory 3: Processed 0 frames
2025-11-14 18:20:27 - INFO - Trajectory 1: Processed 0 frames
2025-11-14 18:20:27 - INFO - Trajectory 2: Processed 0 frames
2025-11-14 18:20:27 - INFO - Trajectory 7: Processed 0 frames
2025-11-14 18:20:27 - INFO - Trajectory 0: Processed 0 frames
2025-11-14 18:20:27 - INFO - Trajectory 4: Processed 0 frames
2025-11-14 18:20:27 - INFO - Trajectory 6: Processed 0 frames
2025-11-14 18:20:28 - INFO - Trajectory 8: Processed 0 frames
2025-11-14 18:20:28 - ERROR - Trajectories:   6%|5         | 1/18 [00:01<00:20,  1.19s/it]
2025-11-14 18:20:28 - ERROR - Trajectories:   6%|5         | 1/18 [00:01<00:20,  1.19s/it, Latest=sep_prot_frames_DPP8_000808_DPP8selective.tar.gz, Shape=torch.Size([11, 27286, 3])]
2025-11-14 18:20:28 - ERROR - Trajectories:  11%|#1        | 2/18 [00:01<00:19,  1.19s/it, Latest=sep_prot_frames_DPP8_0003822_Aselective.tar.gz, Shape=torch.Size([11, 27286, 3])]
2025-11-14 18:20:28 - ERROR - Trajectories:  17%|#6        | 3/18 [00:01<00:17,  1.19s/it, Latest=sep_prot_frames_DPP8_0000157_Nonbinder.tar.gz, Shape=torch.Size([11, 27286, 3])]
2025-11-14 18:20:28 - INFO - Trajectory 9: Processed 0 frames
2025-11-14 18:20:28 - INFO - Trajectory 10: Processed 0 frames
2025-11-14 18:20:28 - ERROR - Trajectories:  22%|##2       | 4/18 [00:01<00:16,  1.19s/it, Latest=sep_prot_frames_DPP8_0005362_Aselective.tar.gz, Shape=torch.Size([11, 27286, 3])]
2025-11-14 18:20:28 - INFO - Trajectory 11: Processed 0 frames
2025-11-14 18:20:28 - INFO - Trajectory 13: Processed 0 frames
2025-11-14 18:20:28 - ERROR - Trajectories:  28%|##7       | 5/18 [00:01<00:15,  1.19s/it, Latest=sep_prot_frames_DPP8_0005862_DPP8selective.tar.gz, Shape=torch.Size([11, 27286, 3])]
2025-11-14 18:20:28 - ERROR - Trajectories:  33%|###3      | 6/18 [00:01<00:14,  1.19s/it, Latest=sep_prot_frames_DPP8_42_DPP9selective.tar.gz, Shape=torch.Size([11, 27286, 3])]
2025-11-14 18:20:28 - ERROR - Trajectories:  39%|###8      | 7/18 [00:01<00:13,  1.19s/it, Latest=sep_prot_frames_DPP8_12i_Nonbinder.tar.gz, Shape=torch.Size([11, 27286, 3])]
2025-11-14 18:20:28 - INFO - Trajectory 12: Processed 0 frames
2025-11-14 18:20:28 - ERROR - Trajectories:  44%|####4     | 8/18 [00:01<00:11,  1.19s/it, Latest=sep_prot_frames_DPP8_0005356_DPP9selective.tar.gz, Shape=torch.Size([11, 27286, 3])]
2025-11-14 18:20:28 - INFO - Trajectory 15: Processed 0 frames
2025-11-14 18:20:28 - INFO - Trajectory 14: Processed 0 frames
2025-11-14 18:20:29 - ERROR - Trajectories:  50%|#####     | 9/18 [00:02<00:01,  4.64it/s, Latest=sep_prot_frames_DPP8_0005356_DPP9selective.tar.gz, Shape=torch.Size([11, 27286, 3])]
2025-11-14 18:20:29 - ERROR - Trajectories:  50%|#####     | 9/18 [00:02<00:01,  4.64it/s, Latest=sep_prot_frames_DPP8_apo.tar.gz, Shape=torch.Size([11, 27286, 3])]
2025-11-14 18:20:29 - INFO - Trajectory 16: Processed 0 frames
2025-11-14 18:20:29 - ERROR - Trajectories:  56%|#####5    | 10/18 [00:02<00:01,  4.64it/s, Latest=sep_prot_frames_DPP9_0003822_Aselective.tar.gz, Shape=torch.Size([11, 26876, 3])]
2025-11-14 18:20:29 - INFO - Trajectory 17: Processed 0 frames
2025-11-14 18:20:29 - ERROR - Trajectories:  61%|######1   | 11/18 [00:02<00:01,  5.70it/s, Latest=sep_prot_frames_DPP9_0003822_Aselective.tar.gz, Shape=torch.Size([11, 26876, 3])]
2025-11-14 18:20:29 - ERROR - Trajectories:  61%|######1   | 11/18 [00:02<00:01,  5.70it/s, Latest=sep_prot_frames_DPP9_0005362_Aselective.tar.gz, Shape=torch.Size([11, 26876, 3])]
2025-11-14 18:20:29 - ERROR - Trajectories:  67%|######6   | 12/18 [00:02<00:01,  5.70it/s, Latest=sep_prot_frames_DPP9_000808_DPP8selective.tar.gz, Shape=torch.Size([11, 26876, 3])]
2025-11-14 18:20:29 - ERROR - Trajectories:  72%|#######2  | 13/18 [00:02<00:00,  5.70it/s, Latest=sep_prot_frames_DPP9_0000157_Nonbinder.tar.gz, Shape=torch.Size([11, 26876, 3])]
2025-11-14 18:20:29 - ERROR - Trajectories:  78%|#######7  | 14/18 [00:02<00:00,  5.70it/s, Latest=sep_prot_frames_DPP9_0005356_DPP9selective.tar.gz, Shape=torch.Size([11, 26876, 3])]
2025-11-14 18:20:29 - ERROR - Trajectories:  83%|########3 | 15/18 [00:02<00:00,  5.70it/s, Latest=sep_prot_frames_DPP9_12i_Nonbinder.tar.gz, Shape=torch.Size([11, 26876, 3])]
2025-11-14 18:20:29 - ERROR - Trajectories:  89%|########8 | 16/18 [00:02<00:00,  5.70it/s, Latest=sep_prot_frames_DPP9_0005862_DPP8selective.tar.gz, Shape=torch.Size([11, 26876, 3])]
2025-11-14 18:20:30 - ERROR - Trajectories:  94%|#########4| 17/18 [00:03<00:00,  6.66it/s, Latest=sep_prot_frames_DPP9_0005862_DPP8selective.tar.gz, Shape=torch.Size([11, 26876, 3])]
2025-11-14 18:20:30 - ERROR - Trajectories:  94%|#########4| 17/18 [00:03<00:00,  6.66it/s, Latest=sep_prot_frames_DPP9_42_DPP9selective.tar.gz, Shape=torch.Size([11, 26876, 3])]
2025-11-14 18:20:30 - ERROR - Trajectories: 100%|##########| 18/18 [00:03<00:00,  6.66it/s, Latest=sep_prot_frames_DPP9_apo.tar.gz, Shape=torch.Size([11, 26876, 3])]
2025-11-14 18:20:30 - ERROR - Trajectories: 100%|##########| 18/18 [00:03<00:00,  5.63it/s, Latest=sep_prot_frames_DPP9_apo.tar.gz, Shape=torch.Size([11, 26876, 3])]
2025-11-14 18:20:30 - INFO - Padding trajectories to size 28224
2025-11-14 18:20:30 - INFO - Trajectory 0: padded from 27286 atoms to 28224
2025-11-14 18:20:30 - INFO - Trajectory 1: padded from 27286 atoms to 28224
2025-11-14 18:20:30 - INFO - Trajectory 2: padded from 27286 atoms to 28224
2025-11-14 18:20:30 - INFO - Trajectory 3: padded from 27286 atoms to 28224
2025-11-14 18:20:30 - INFO - Trajectory 4: padded from 27286 atoms to 28224
2025-11-14 18:20:30 - INFO - Trajectory 5: padded from 27286 atoms to 28224
2025-11-14 18:20:30 - INFO - Trajectory 6: padded from 27286 atoms to 28224
2025-11-14 18:20:30 - INFO - Trajectory 7: padded from 27286 atoms to 28224
2025-11-14 18:20:30 - INFO - Trajectory 8: padded from 27286 atoms to 28224
2025-11-14 18:20:30 - INFO - Trajectory 9: padded from 26876 atoms to 28224
2025-11-14 18:20:30 - INFO - Trajectory 10: padded from 26876 atoms to 28224
2025-11-14 18:20:30 - INFO - Trajectory 11: padded from 26876 atoms to 28224
2025-11-14 18:20:30 - INFO - Trajectory 12: padded from 26876 atoms to 28224
2025-11-14 18:20:30 - INFO - Trajectory 13: padded from 26876 atoms to 28224
2025-11-14 18:20:30 - INFO - Trajectory 14: padded from 26876 atoms to 28224
2025-11-14 18:20:30 - INFO - Trajectory 15: padded from 26876 atoms to 28224
2025-11-14 18:20:30 - INFO - Trajectory 16: padded from 26876 atoms to 28224
2025-11-14 18:20:30 - INFO - Trajectory 17: padded from 26876 atoms to 28224
2025-11-14 18:20:30 - INFO - Finished padding tensors
2025-11-14 18:20:30 - INFO - Classifying 18 tensors
2025-11-14 18:20:30 - INFO - Trajectory 0: torch.Size([11, 28224, 3])
2025-11-14 18:20:30 - INFO - Classified as dpp8selective
2025-11-14 18:20:30 - INFO - Trajectory 1: torch.Size([11, 28224, 3])
2025-11-14 18:20:30 - INFO - Classified as aselective
2025-11-14 18:20:30 - INFO - Trajectory 2: torch.Size([11, 28224, 3])
2025-11-14 18:20:30 - INFO - Classified as nonbinder
2025-11-14 18:20:30 - INFO - Trajectory 3: torch.Size([11, 28224, 3])
2025-11-14 18:20:30 - INFO - Classified as aselective
2025-11-14 18:20:30 - INFO - Trajectory 4: torch.Size([11, 28224, 3])
2025-11-14 18:20:30 - INFO - Classified as dpp8selective
2025-11-14 18:20:30 - INFO - Trajectory 5: torch.Size([11, 28224, 3])
2025-11-14 18:20:30 - INFO - Classified as dpp9selective
2025-11-14 18:20:30 - INFO - Trajectory 6: torch.Size([11, 28224, 3])
2025-11-14 18:20:30 - INFO - Classified as nonbinder
2025-11-14 18:20:30 - INFO - Trajectory 7: torch.Size([11, 28224, 3])
2025-11-14 18:20:30 - INFO - Classified as dpp9selective
2025-11-14 18:20:30 - INFO - Trajectory 8: torch.Size([11, 28224, 3])
2025-11-14 18:20:30 - INFO - Classified as apo
2025-11-14 18:20:30 - INFO - Trajectory 9: torch.Size([11, 28224, 3])
2025-11-14 18:20:30 - INFO - Classified as aselective
2025-11-14 18:20:30 - INFO - Trajectory 10: torch.Size([11, 28224, 3])
2025-11-14 18:20:30 - INFO - Classified as aselective
2025-11-14 18:20:30 - INFO - Trajectory 11: torch.Size([11, 28224, 3])
2025-11-14 18:20:30 - INFO - Classified as dpp8selective
2025-11-14 18:20:30 - INFO - Trajectory 12: torch.Size([11, 28224, 3])
2025-11-14 18:20:30 - INFO - Classified as nonbinder
2025-11-14 18:20:30 - INFO - Trajectory 13: torch.Size([11, 28224, 3])
2025-11-14 18:20:30 - INFO - Classified as dpp9selective
2025-11-14 18:20:30 - INFO - Trajectory 14: torch.Size([11, 28224, 3])
2025-11-14 18:20:30 - INFO - Classified as nonbinder
2025-11-14 18:20:30 - INFO - Trajectory 15: torch.Size([11, 28224, 3])
2025-11-14 18:20:30 - INFO - Classified as dpp8selective
2025-11-14 18:20:30 - INFO - Trajectory 16: torch.Size([11, 28224, 3])
2025-11-14 18:20:30 - INFO - Classified as dpp9selective
2025-11-14 18:20:30 - INFO - Trajectory 17: torch.Size([11, 28224, 3])
2025-11-14 18:20:30 - INFO - Classified as apo
2025-11-14 18:20:30 - INFO - Merged class apo: torch.Size([22, 28224, 3])
2025-11-14 18:20:30 - INFO - Merged class nonbinder: torch.Size([44, 28224, 3])
2025-11-14 18:20:30 - INFO - Merged class dpp9selective: torch.Size([44, 28224, 3])
2025-11-14 18:20:30 - INFO - Merged class dpp8selective: torch.Size([44, 28224, 3])
2025-11-14 18:20:30 - INFO - Merged class aselective: torch.Size([44, 28224, 3])
2025-11-14 18:20:30 - INFO - Creating PyTorch dataset from tensors
2025-11-14 18:20:30 - INFO - Class apo: torch.Size([22, 28224, 3])
2025-11-14 18:20:30 - INFO - Class nonbinder: torch.Size([44, 28224, 3])
2025-11-14 18:20:30 - INFO - Class dpp9selective: torch.Size([44, 28224, 3])
2025-11-14 18:20:30 - INFO - Class dpp8selective: torch.Size([44, 28224, 3])
2025-11-14 18:20:30 - INFO - Class aselective: torch.Size([44, 28224, 3])
2025-11-14 18:20:30 - INFO - Final dataset shape: torch.Size([198, 28224, 3]), labels shape: torch.Size([198])
2025-11-14 18:20:30 - INFO - Creating splits...
2025-11-14 18:20:30 - ERROR - Traceback (most recent call last):
2025-11-14 18:20:30 - ERROR - File "/home/samro/Thesis-molecular_dynamics_trajectory_embeddings/src/data_preprocessing/data_preprocessing.py", line 246, in <module>
2025-11-14 18:20:30 - ERROR - train_dataset, val_dataset, test_dataset = create_splits_randomsplit(dataset)
2025-11-14 18:20:30 - ERROR - ^
2025-11-14 18:20:30 - ERROR - ^
2025-11-14 18:20:30 - ERROR - ^
2025-11-14 18:20:30 - ERROR - ^
2025-11-14 18:20:30 - ERROR - ^
2025-11-14 18:20:30 - ERROR - ^
2025-11-14 18:20:30 - ERROR - ^
2025-11-14 18:20:30 - ERROR - ^
2025-11-14 18:20:30 - ERROR - ^
2025-11-14 18:20:30 - ERROR - ^
2025-11-14 18:20:30 - ERROR - ^
2025-11-14 18:20:30 - ERROR - ^
2025-11-14 18:20:30 - ERROR - ^
2025-11-14 18:20:30 - ERROR - ^
2025-11-14 18:20:30 - ERROR - ^
2025-11-14 18:20:30 - ERROR - ^
2025-11-14 18:20:30 - ERROR - ^
2025-11-14 18:20:30 - ERROR - ^
2025-11-14 18:20:30 - ERROR - ^
2025-11-14 18:20:30 - ERROR - ^
2025-11-14 18:20:30 - ERROR - ^
2025-11-14 18:20:30 - ERROR - ^
2025-11-14 18:20:30 - ERROR - ^
2025-11-14 18:20:30 - ERROR - ^
2025-11-14 18:20:30 - ERROR - ^
2025-11-14 18:20:30 - ERROR - ^
2025-11-14 18:20:30 - ERROR - ^
2025-11-14 18:20:30 - ERROR - ^
2025-11-14 18:20:30 - ERROR - ^
2025-11-14 18:20:30 - ERROR - ^
2025-11-14 18:20:30 - ERROR - ^
2025-11-14 18:20:30 - ERROR - ^
2025-11-14 18:20:30 - ERROR - ^
2025-11-14 18:20:30 - ERROR - ^
2025-11-14 18:20:30 - ERROR - File "/home/samro/Thesis-molecular_dynamics_trajectory_embeddings/src/model_training/train_test_split.py", line 27, in create_splits_randomsplit
2025-11-14 18:20:30 - ERROR - _dataset.classes = dataset.classes
2025-11-14 18:20:30 - ERROR - ^
2025-11-14 18:20:30 - ERROR - ^
2025-11-14 18:20:30 - ERROR - ^
2025-11-14 18:20:30 - ERROR - ^
2025-11-14 18:20:30 - ERROR - ^
2025-11-14 18:20:30 - ERROR - ^
2025-11-14 18:20:30 - ERROR - ^
2025-11-14 18:20:30 - ERROR - ^
2025-11-14 18:20:30 - ERROR - ^
2025-11-14 18:20:30 - ERROR - ^
2025-11-14 18:20:30 - ERROR - ^
2025-11-14 18:20:30 - ERROR - ^
2025-11-14 18:20:30 - ERROR - ^
2025-11-14 18:20:30 - ERROR - ^
2025-11-14 18:20:30 - ERROR - ^
2025-11-14 18:20:30 - ERROR - AttributeError
2025-11-14 18:20:30 - ERROR - :
2025-11-14 18:20:30 - ERROR - 'TensorDataset' object has no attribute 'classes'
